Product: MDK-ARM Standard 5.10
Component: ARM Compiler 5.04 update 1 (build 49)
Tool: armlink [5040049]

==============================================================================

Section Cross References

    main.o(i.main) refers to delay.o(i.SysTick_init) for SysTick_init
    main.o(i.main) refers to jy61.o(i.Initial_UART2) for Initial_UART2
    main.o(i.main) refers to oled.o(i.OLED_Init) for OLED_Init
    main.o(i.main) refers to system.o(i.system_init) for system_init
    main.o(i.main) refers to oled.o(i.OLED_Clear) for OLED_Clear
    main.o(i.main) refers to delay.o(i.delay_ms) for delay_ms
    main.o(i.main) refers to oled.o(i.OLED_ShowCHinese) for OLED_ShowCHinese
    main.o(i.main) refers to printfa.o(i.__0sprintf) for __2sprintf
    main.o(i.main) refers to oled.o(i.OLED_ShowString) for OLED_ShowString
    main.o(i.main) refers to fflti.o(.text) for __aeabi_i2f
    main.o(i.main) refers to fdiv.o(.text) for __aeabi_fdiv
    main.o(i.main) refers to fmul.o(.text) for __aeabi_fmul
    main.o(i.main) refers to f2d.o(.text) for __aeabi_f2d
    main.o(i.main) refers to oled.o(i.OLED_ShowNum) for OLED_ShowNum
    main.o(i.main) refers to time.o(.data) for Time_Sys
    main.o(i.main) refers to jy61.o(.data) for stcAngle
    main.o(i.main) refers to ppm.o(.data) for Target_Angle
    main.o(i.main) refers to control.o(.data) for Motor_PWM_1
    delay.o(i.CheckSystemTick) refers to delay.o(.data) for ucTimeFlag
    delay.o(i.SysTick_Handler) refers to delay.o(.data) for ucTimeFlag
    delay.o(i.SysTick_init) refers to misc.o(i.NVIC_PriorityGroupConfig) for NVIC_PriorityGroupConfig
    delay.o(i.SysTick_init) refers to misc.o(i.NVIC_Init) for NVIC_Init
    delay.o(i.SysTick_init) refers to delay.o(.data) for fac_us
    delay.o(i.delay_ms) refers to delay.o(.data) for fac_ms
    delay.o(i.delay_us) refers to delay.o(.data) for fac_us
    oled.o(i.OLED_Clear) refers to oled.o(i.OLED_WR_Byte) for OLED_WR_Byte
    oled.o(i.OLED_Display_Off) refers to oled.o(i.OLED_WR_Byte) for OLED_WR_Byte
    oled.o(i.OLED_Display_On) refers to oled.o(i.OLED_WR_Byte) for OLED_WR_Byte
    oled.o(i.OLED_DrawBMP) refers to oled.o(i.OLED_Set_Pos) for OLED_Set_Pos
    oled.o(i.OLED_DrawBMP) refers to oled.o(i.OLED_WR_Byte) for OLED_WR_Byte
    oled.o(i.OLED_Init) refers to stm32f10x_rcc.o(i.RCC_APB2PeriphClockCmd) for RCC_APB2PeriphClockCmd
    oled.o(i.OLED_Init) refers to stm32f10x_gpio.o(i.GPIO_Init) for GPIO_Init
    oled.o(i.OLED_Init) refers to stm32f10x_gpio.o(i.GPIO_SetBits) for GPIO_SetBits
    oled.o(i.OLED_Init) refers to delay.o(i.delay_ms) for delay_ms
    oled.o(i.OLED_Init) refers to stm32f10x_gpio.o(i.GPIO_ResetBits) for GPIO_ResetBits
    oled.o(i.OLED_Init) refers to oled.o(i.OLED_WR_Byte) for OLED_WR_Byte
    oled.o(i.OLED_Init) refers to oled.o(i.OLED_Clear) for OLED_Clear
    oled.o(i.OLED_Init) refers to oled.o(i.OLED_Set_Pos) for OLED_Set_Pos
    oled.o(i.OLED_Set_Pos) refers to oled.o(i.OLED_WR_Byte) for OLED_WR_Byte
    oled.o(i.OLED_ShowCHinese) refers to oled.o(i.OLED_Set_Pos) for OLED_Set_Pos
    oled.o(i.OLED_ShowCHinese) refers to oled.o(i.OLED_WR_Byte) for OLED_WR_Byte
    oled.o(i.OLED_ShowCHinese) refers to oled.o(.data) for Hzk
    oled.o(i.OLED_ShowChar) refers to oled.o(i.OLED_Set_Pos) for OLED_Set_Pos
    oled.o(i.OLED_ShowChar) refers to oled.o(i.OLED_WR_Byte) for OLED_WR_Byte
    oled.o(i.OLED_ShowChar) refers to oled.o(.constdata) for F8X16
    oled.o(i.OLED_ShowNum) refers to oled.o(i.oled_pow) for oled_pow
    oled.o(i.OLED_ShowNum) refers to oled.o(i.OLED_ShowChar) for OLED_ShowChar
    oled.o(i.OLED_ShowString) refers to oled.o(i.OLED_ShowChar) for OLED_ShowChar
    oled.o(i.OLED_WR_Byte) refers to stm32f10x_gpio.o(i.GPIO_SetBits) for GPIO_SetBits
    oled.o(i.OLED_WR_Byte) refers to stm32f10x_gpio.o(i.GPIO_ResetBits) for GPIO_ResetBits
    time.o(i.TIM1_UP_IRQHandler) refers to stm32f10x_tim.o(i.TIM_GetITStatus) for TIM_GetITStatus
    time.o(i.TIM1_UP_IRQHandler) refers to ppm.o(i.PPM_Mapping) for PPM_Mapping
    time.o(i.TIM1_UP_IRQHandler) refers to fflti.o(.text) for __aeabi_i2f
    time.o(i.TIM1_UP_IRQHandler) refers to fdiv.o(.text) for __aeabi_fdiv
    time.o(i.TIM1_UP_IRQHandler) refers to fmul.o(.text) for __aeabi_fmul
    time.o(i.TIM1_UP_IRQHandler) refers to pid.o(i.Altitude_Control) for Altitude_Control
    time.o(i.TIM1_UP_IRQHandler) refers to control.o(i.Control_Output) for Control_Output
    time.o(i.TIM1_UP_IRQHandler) refers to stm32f10x_tim.o(i.TIM_ClearITPendingBit) for TIM_ClearITPendingBit
    time.o(i.TIM1_UP_IRQHandler) refers to time.o(.data) for TIME_ISR_CNT
    time.o(i.TIM1_UP_IRQHandler) refers to jy61.o(.data) for stcAngle
    time.o(i.Timer1_Configuration) refers to stm32f10x_rcc.o(i.RCC_APB2PeriphClockCmd) for RCC_APB2PeriphClockCmd
    time.o(i.Timer1_Configuration) refers to stm32f10x_tim.o(i.TIM_TimeBaseInit) for TIM_TimeBaseInit
[...]
    Removing stm32f10x_tim.o(i.TIM_OC3NPolarityConfig), (26 bytes).
    Removing stm32f10x_tim.o(i.TIM_OC3PreloadConfig), (18 bytes).
    Removing stm32f10x_tim.o(i.TIM_OC4FastConfig), (26 bytes).
    Removing stm32f10x_tim.o(i.TIM_OC4PreloadConfig), (26 bytes).
    Removing stm32f10x_tim.o(i.TIM_OCStructInit), (20 bytes).
    Removing stm32f10x_tim.o(i.TIM_PWMIConfig), (124 bytes).
    Removing stm32f10x_tim.o(i.TIM_SelectCCDMA), (24 bytes).
    Removing stm32f10x_tim.o(i.TIM_SelectCOM), (24 bytes).
    Removing stm32f10x_tim.o(i.TIM_SelectHallSensor), (24 bytes).
    Removing stm32f10x_tim.o(i.TIM_SelectInputTrigger), (18 bytes).
    Removing stm32f10x_tim.o(i.TIM_SelectMasterSlaveMode), (18 bytes).
    Removing stm32f10x_tim.o(i.TIM_SelectOCxM), (82 bytes).
    Removing stm32f10x_tim.o(i.TIM_SelectOnePulseMode), (18 bytes).
    Removing stm32f10x_tim.o(i.TIM_SelectOutputTrigger), (18 bytes).
    Removing stm32f10x_tim.o(i.TIM_SelectSlaveMode), (18 bytes).
    Removing stm32f10x_tim.o(i.TIM_SetAutoreload), (4 bytes).
    Removing stm32f10x_tim.o(i.TIM_SetClockDivision), (18 bytes).
    Removing stm32f10x_tim.o(i.TIM_SetCounter), (4 bytes).
    Removing stm32f10x_tim.o(i.TIM_TIxExternalClockConfig), (62 bytes).
    Removing stm32f10x_tim.o(i.TIM_TimeBaseStructInit), (18 bytes).
    Removing stm32f10x_tim.o(i.TIM_UpdateDisableConfig), (24 bytes).
    Removing stm32f10x_tim.o(i.TIM_UpdateRequestConfig), (24 bytes).
    Removing stm32f10x_usart.o(.rev16_text), (4 bytes).
    Removing stm32f10x_usart.o(.revsh_text), (4 bytes).
    Removing stm32f10x_usart.o(i.USART_ClockInit), (34 bytes).
    Removing stm32f10x_usart.o(i.USART_ClockStructInit), (12 bytes).
    Removing stm32f10x_usart.o(i.USART_DMACmd), (18 bytes).
    Removing stm32f10x_usart.o(i.USART_DeInit), (156 bytes).
    Removing stm32f10x_usart.o(i.USART_GetFlagStatus), (26 bytes).
    Removing stm32f10x_usart.o(i.USART_HalfDuplexCmd), (24 bytes).
    Removing stm32f10x_usart.o(i.USART_IrDACmd), (24 bytes).
    Removing stm32f10x_usart.o(i.USART_IrDAConfig), (18 bytes).
    Removing stm32f10x_usart.o(i.USART_LINBreakDetectLengthConfig), (18 bytes).
    Removing stm32f10x_usart.o(i.USART_LINCmd), (24 bytes).
    Removing stm32f10x_usart.o(i.USART_OneBitMethodCmd), (24 bytes).
    Removing stm32f10x_usart.o(i.USART_OverSampling8Cmd), (22 bytes).
    Removing stm32f10x_usart.o(i.USART_ReceiveData), (10 bytes).
    Removing stm32f10x_usart.o(i.USART_ReceiverWakeUpCmd), (24 bytes).
    Removing stm32f10x_usart.o(i.USART_SendBreak), (10 bytes).
    Removing stm32f10x_usart.o(i.USART_SetAddress), (18 bytes).
    Removing stm32f10x_usart.o(i.USART_SetGuardTime), (16 bytes).
    Removing stm32f10x_usart.o(i.USART_SetPrescaler), (16 bytes).
    Removing stm32f10x_usart.o(i.USART_SmartCardCmd), (24 bytes).
    Removing stm32f10x_usart.o(i.USART_SmartCardNACKCmd), (24 bytes).
    Removing stm32f10x_usart.o(i.USART_StructInit), (24 bytes).
    Removing stm32f10x_usart.o(i.USART_WakeUpConfig), (18 bytes).
    Removing stm32f10x_it.o(.rev16_text), (4 bytes).
    Removing stm32f10x_it.o(.revsh_text), (4 bytes).
    Removing stm32f10x_fsmc.o(.rev16_text), (4 bytes).
    Removing stm32f10x_fsmc.o(.revsh_text), (4 bytes).
    Removing stm32f10x_fsmc.o(i.FSMC_ClearFlag), (64 bytes).
    Removing stm32f10x_fsmc.o(i.FSMC_ClearITPendingBit), (72 bytes).
    Removing stm32f10x_fsmc.o(i.FSMC_GetECC), (28 bytes).
    Removing stm32f10x_fsmc.o(i.FSMC_GetFlagStatus), (56 bytes).
    Removing stm32f10x_fsmc.o(i.FSMC_GetITStatus), (68 bytes).
    Removing stm32f10x_fsmc.o(i.FSMC_ITConfig), (128 bytes).
    Removing stm32f10x_fsmc.o(i.FSMC_NANDCmd), (92 bytes).
    Removing stm32f10x_fsmc.o(i.FSMC_NANDDeInit), (68 bytes).
    Removing stm32f10x_fsmc.o(i.FSMC_NANDECCCmd), (92 bytes).
    Removing stm32f10x_fsmc.o(i.FSMC_NANDInit), (136 bytes).
    Removing stm32f10x_fsmc.o(i.FSMC_NANDStructInit), (54 bytes).
    Removing stm32f10x_fsmc.o(i.FSMC_NORSRAMCmd), (52 bytes).
    Removing stm32f10x_fsmc.o(i.FSMC_NORSRAMDeInit), (54 bytes).
    Removing stm32f10x_fsmc.o(i.FSMC_NORSRAMInit), (230 bytes).
    Removing stm32f10x_fsmc.o(i.FSMC_NORSRAMStructInit), (114 bytes).
    Removing stm32f10x_fsmc.o(i.FSMC_PCCARDCmd), (48 bytes).
    Removing stm32f10x_fsmc.o(i.FSMC_PCCARDDeInit), (40 bytes).
    Removing stm32f10x_fsmc.o(i.FSMC_PCCARDInit), (132 bytes).
    Removing stm32f10x_fsmc.o(i.FSMC_PCCARDStructInit), (60 bytes).
    Removing stm32f10x_i2c.o(.rev16_text), (4 bytes).
    Removing stm32f10x_i2c.o(.revsh_text), (4 bytes).
    Removing stm32f10x_i2c.o(i.I2C_ARPCmd), (24 bytes).
    Removing stm32f10x_i2c.o(i.I2C_AcknowledgeConfig), (24 bytes).
    Removing stm32f10x_i2c.o(i.I2C_CalculatePEC), (24 bytes).
    Removing stm32f10x_i2c.o(i.I2C_CheckEvent), (42 bytes).
    Removing stm32f10x_i2c.o(i.I2C_ClearFlag), (12 bytes).
    Removing stm32f10x_i2c.o(i.I2C_ClearITPendingBit), (12 bytes).
    Removing stm32f10x_i2c.o(i.I2C_Cmd), (24 bytes).
    Removing stm32f10x_i2c.o(i.I2C_DMACmd), (24 bytes).
    Removing stm32f10x_i2c.o(i.I2C_DMALastTransferCmd), (24 bytes).
    Removing stm32f10x_i2c.o(i.I2C_DeInit), (56 bytes).
    Removing stm32f10x_i2c.o(i.I2C_DualAddressCmd), (24 bytes).
    Removing stm32f10x_i2c.o(i.I2C_FastModeDutyCycleConfig), (28 bytes).
    Removing stm32f10x_i2c.o(i.I2C_GeneralCallCmd), (24 bytes).
    Removing stm32f10x_i2c.o(i.I2C_GenerateSTART), (24 bytes).
    Removing stm32f10x_i2c.o(i.I2C_GenerateSTOP), (24 bytes).
    Removing stm32f10x_i2c.o(i.I2C_GetFlagStatus), (58 bytes).
    Removing stm32f10x_i2c.o(i.I2C_GetITStatus), (38 bytes).
    Removing stm32f10x_i2c.o(i.I2C_GetLastEvent), (26 bytes).
    Removing stm32f10x_i2c.o(i.I2C_GetPEC), (8 bytes).
    Removing stm32f10x_i2c.o(i.I2C_ITConfig), (18 bytes).
    Removing stm32f10x_i2c.o(i.I2C_Init), (236 bytes).
    Removing stm32f10x_i2c.o(i.I2C_NACKPositionConfig), (28 bytes).
    Removing stm32f10x_i2c.o(i.I2C_OwnAddress2Config), (22 bytes).
    Removing stm32f10x_i2c.o(i.I2C_PECPositionConfig), (28 bytes).
    Removing stm32f10x_i2c.o(i.I2C_ReadRegister), (22 bytes).
    Removing stm32f10x_i2c.o(i.I2C_ReceiveData), (8 bytes).
    Removing stm32f10x_i2c.o(i.I2C_SMBusAlertConfig), (28 bytes).
    Removing stm32f10x_i2c.o(i.I2C_Send7bitAddress), (18 bytes).
    Removing stm32f10x_i2c.o(i.I2C_SendData), (4 bytes).
    Removing stm32f10x_i2c.o(i.I2C_SoftwareResetCmd), (22 bytes).
    Removing stm32f10x_i2c.o(i.I2C_StretchClockCmd), (24 bytes).
    Removing stm32f10x_i2c.o(i.I2C_StructInit), (30 bytes).
    Removing stm32f10x_i2c.o(i.I2C_TransmitPEC), (24 bytes).
    Removing startup_stm32f10x_hd.o(HEAP), (512 bytes).
    Removing stm32f10x_rtc.o(.rev16_text), (4 bytes).
    Removing stm32f10x_rtc.o(.revsh_text), (4 bytes).
    Removing stm32f10x_rtc.o(i.RTC_ClearFlag), (16 bytes).
    Removing stm32f10x_rtc.o(i.RTC_ClearITPendingBit), (16 bytes).
    Removing stm32f10x_rtc.o(i.RTC_EnterConfigMode), (20 bytes).
    Removing stm32f10x_rtc.o(i.RTC_ExitConfigMode), (20 bytes).
    Removing stm32f10x_rtc.o(i.RTC_GetCounter), (44 bytes).
    Removing stm32f10x_rtc.o(i.RTC_GetDivider), (24 bytes).
    Removing stm32f10x_rtc.o(i.RTC_GetFlagStatus), (24 bytes).
    Removing stm32f10x_rtc.o(i.RTC_GetITStatus), (36 bytes).
    Removing stm32f10x_rtc.o(i.RTC_ITConfig), (32 bytes).
    Removing stm32f10x_rtc.o(i.RTC_SetAlarm), (28 bytes).
    Removing stm32f10x_rtc.o(i.RTC_SetCounter), (28 bytes).
    Removing stm32f10x_rtc.o(i.RTC_SetPrescaler), (32 bytes).
    Removing stm32f10x_rtc.o(i.RTC_WaitForLastTask), (20 bytes).
    Removing stm32f10x_rtc.o(i.RTC_WaitForSynchro), (36 bytes).
    Removing stm32f10x_pwr.o(.rev16_text), (4 bytes).
    Removing stm32f10x_pwr.o(.revsh_text), (4 bytes).
    Removing stm32f10x_pwr.o(i.PWR_BackupAccessCmd), (12 bytes).
    Removing stm32f10x_pwr.o(i.PWR_ClearFlag), (20 bytes).
    Removing stm32f10x_pwr.o(i.PWR_DeInit), (22 bytes).
    Removing stm32f10x_pwr.o(i.PWR_EnterSTANDBYMode), (52 bytes).
    Removing stm32f10x_pwr.o(i.PWR_EnterSTOPMode), (64 bytes).
    Removing stm32f10x_pwr.o(i.PWR_GetFlagStatus), (24 bytes).
    Removing stm32f10x_pwr.o(i.PWR_PVDCmd), (12 bytes).
    Removing stm32f10x_pwr.o(i.PWR_PVDLevelConfig), (24 bytes).
    Removing stm32f10x_pwr.o(i.PWR_WakeUpPinCmd), (12 bytes).
    Removing stm32f10x_bkp.o(.rev16_text), (4 bytes).
    Removing stm32f10x_bkp.o(.revsh_text), (4 bytes).
    Removing stm32f10x_bkp.o(i.BKP_ClearFlag), (20 bytes).
    Removing stm32f10x_bkp.o(i.BKP_ClearITPendingBit), (20 bytes).
    Removing stm32f10x_bkp.o(i.BKP_DeInit), (16 bytes).
    Removing stm32f10x_bkp.o(i.BKP_GetFlagStatus), (12 bytes).
    Removing stm32f10x_bkp.o(i.BKP_GetITStatus), (12 bytes).
    Removing stm32f10x_bkp.o(i.BKP_ITConfig), (12 bytes).
    Removing stm32f10x_bkp.o(i.BKP_RTCOutputConfig), (28 bytes).
    Removing stm32f10x_bkp.o(i.BKP_ReadBackupRegister), (28 bytes).
    Removing stm32f10x_bkp.o(i.BKP_SetRTCCalibrationValue), (28 bytes).
    Removing stm32f10x_bkp.o(i.BKP_TamperPinCmd), (12 bytes).
    Removing stm32f10x_bkp.o(i.BKP_TamperPinLevelConfig), (12 bytes).
    Removing stm32f10x_bkp.o(i.BKP_WriteBackupRegister), (28 bytes).

432 unused section(s) (total 18366 bytes) removed from the image.

==============================================================================

Image Symbol Table

    Local Symbols

    Symbol Name                              Value     Ov Type        Size  Object(Section)

    ../clib/../cmprslib/zerorunl2.c          0x00000000   Number         0  __dczerorl2.o ABSOLUTE
    ../clib/microlib/division.c              0x00000000   Number         0  uidiv.o ABSOLUTE
    ../clib/microlib/division.c              0x00000000   Number         0  uldiv.o ABSOLUTE
    ../clib/microlib/init/entry.s            0x00000000   Number         0  entry10b.o ABSOLUTE
    ../clib/microlib/init/entry.s            0x00000000   Number         0  entry.o ABSOLUTE
    ../clib/microlib/init/entry.s            0x00000000   Number         0  entry9b.o ABSOLUTE
    ../clib/microlib/init/entry.s            0x00000000   Number         0  entry9a.o ABSOLUTE
    ../clib/microlib/init/entry.s            0x00000000   Number         0  entry8b.o ABSOLUTE
    ../clib/microlib/init/entry.s            0x00000000   Number         0  entry8a.o ABSOLUTE
    ../clib/microlib/init/entry.s            0x00000000   Number         0  entry7b.o ABSOLUTE
    ../clib/microlib/init/entry.s            0x00000000   Number         0  entry7a.o ABSOLUTE
    ../clib/microlib/init/entry.s            0x00000000   Number         0  entry5.o ABSOLUTE
    ../clib/microlib/init/entry.s            0x00000000   Number         0  entry11b.o ABSOLUTE
    ../clib/microlib/init/entry.s            0x00000000   Number         0  entry2.o ABSOLUTE
    ../clib/microlib/init/entry.s            0x00000000   Number         0  entry11a.o ABSOLUTE
    ../clib/microlib/init/entry.s            0x00000000   Number         0  entry10a.o ABSOLUTE
    ../clib/microlib/longlong.c              0x00000000   Number         0  llsshr.o ABSOLUTE
    ../clib/microlib/longlong.c              0x00000000   Number         0  llushr.o ABSOLUTE
    ../clib/microlib/longlong.c              0x00000000   Number         0  llshl.o ABSOLUTE
    ../clib/microlib/printf/printf.c         0x00000000   Number         0  printfb.o ABSOLUTE
    ../clib/microlib/printf/printf.c         0x00000000   Number         0  printf0.o ABSOLUTE
    ../clib/microlib/printf/printf.c         0x00000000   Number         0  printf1.o ABSOLUTE
    ../clib/microlib/printf/printf.c         0x00000000   Number         0  printf2.o ABSOLUTE
    ../clib/microlib/printf/printf.c         0x00000000   Number         0  printf3.o ABSOLUTE
    ../clib/microlib/printf/printf.c         0x00000000   Number         0  printf7.o ABSOLUTE
    ../clib/microlib/printf/printf.c         0x00000000   Number         0  printf4.o ABSOLUTE
    ../clib/microlib/printf/printf.c         0x00000000   Number         0  printf6.o ABSOLUTE
    ../clib/microlib/printf/printf.c         0x00000000   Number         0  printf8.o ABSOLUTE
    ../clib/microlib/printf/printf.c         0x00000000   Number         0  printfa.o ABSOLUTE
    ../clib/microlib/printf/printf.c         0x00000000   Number         0  printf5.o ABSOLUTE
    ../clib/microlib/printf/stubs.s          0x00000000   Number         0  stubs.o ABSOLUTE
    ../clib/microlib/stdio/fputc.c           0x00000000   Number         0  fputc.o ABSOLUTE
    ../clib/microlib/stdio/semi.s            0x00000000   Number         0  semi.o ABSOLUTE
    ../clib/microlib/stdio/streams.c         0x00000000   Number         0  stdout.o ABSOLUTE
    ../clib/microlib/stubs.s                 0x00000000   Number         0  iusefp.o ABSOLUTE
    ../clib/microlib/stubs.s                 0x00000000   Number         0  iusesemip.o ABSOLUTE
    ../fplib/microlib/f2d.c                  0x00000000   Number         0  f2d.o ABSOLUTE
    ../fplib/microlib/fpadd.c                0x00000000   Number         0  dadd.o ABSOLUTE
    ../fplib/microlib/fpadd.c                0x00000000   Number         0  fadd.o ABSOLUTE
    ../fplib/microlib/fpdiv.c                0x00000000   Number         0  fdiv.o ABSOLUTE
    ../fplib/microlib/fpdiv.c                0x00000000   Number         0  ddiv.o ABSOLUTE
    ../fplib/microlib/fpepilogue.c           0x00000000   Number         0  fepilogue.o ABSOLUTE
    ../fplib/microlib/fpepilogue.c           0x00000000   Number         0  depilogue.o ABSOLUTE
    ../fplib/microlib/fpfix.c                0x00000000   Number         0  ffixui.o ABSOLUTE
    ../fplib/microlib/fpfix.c                0x00000000   Number         0  ffixi.o ABSOLUTE
    ../fplib/microlib/fpfix.c                0x00000000   Number         0  dfixul.o ABSOLUTE
    ../fplib/microlib/fpflt.c                0x00000000   Number         0  fflti.o ABSOLUTE
    ../fplib/microlib/fpflt.c                0x00000000   Number         0  ffltui.o ABSOLUTE
    ../fplib/microlib/fpmul.c                0x00000000   Number         0  dmul.o ABSOLUTE
    ../fplib/microlib/fpmul.c                0x00000000   Number         0  fmul.o ABSOLUTE
    ..\Source\APP\Main.c                     0x00000000   Number         0  main.o ABSOLUTE
    ..\Source\Drive\JY61.c                   0x00000000   Number         0  jy61.o ABSOLUTE
    ..\Source\Drive\PID.c                    0x00000000   Number         0  pid.o ABSOLUTE
    ..\Source\Drive\control.c                0x00000000   Number         0  control.o ABSOLUTE
    ..\Source\Drive\delay.c                  0x00000000   Number         0  delay.o ABSOLUTE
    ..\Source\Drive\oled.c                   0x00000000   Number         0  oled.o ABSOLUTE
    ..\Source\Drive\ppm.c                    0x00000000   Number         0  ppm.o ABSOLUTE
    ..\Source\Drive\pwm.c                    0x00000000   Number         0  pwm.o ABSOLUTE
    ..\Source\Drive\system.c                 0x00000000   Number         0  system.o ABSOLUTE
    ..\Source\Drive\time.c                   0x00000000   Number         0  time.o ABSOLUTE
    ..\Source\STM32F10xLib\M3\stm32f10x_it.c 0x00000000   Number         0  stm32f10x_it.o ABSOLUTE
    ..\Source\STM32F10xLib\M3\system_stm32f10x.c 0x00000000   Number         0  system_stm32f10x.o ABSOLUTE
    ..\Source\STM32F10xLib\src\misc.c        0x00000000   Number         0  misc.o ABSOLUTE
    ..\Source\STM32F10xLib\src\stm32f10x_adc.c 0x00000000   Number         0  stm32f10x_adc.o ABSOLUTE
    ..\Source\STM32F10xLib\src\stm32f10x_bkp.c 0x00000000   Number         0  stm32f10x_bkp.o ABSOLUTE
    ..\Source\STM32F10xLib\src\stm32f10x_can.c 0x00000000   Number         0  stm32f10x_can.o ABSOLUTE
    ..\Source\STM32F10xLib\src\stm32f10x_dac.c 0x00000000   Number         0  stm32f10x_dac.o ABSOLUTE
    ..\Source\STM32F10xLib\src\stm32f10x_dma.c 0x00000000   Number         0  stm32f10x_dma.o ABSOLUTE
    ..\Source\STM32F10xLib\src\stm32f10x_exti.c 0x00000000   Number         0  stm32f10x_exti.o ABSOLUTE
    ..\Source\STM32F10xLib\src\stm32f10x_flash.c 0x00000000   Number         0  stm32f10x_flash.o ABSOLUTE
    ..\Source\STM32F10xLib\src\stm32f10x_fsmc.c 0x00000000   Number         0  stm32f10x_fsmc.o ABSOLUTE
    ..\Source\STM32F10xLib\src\stm32f10x_gpio.c 0x00000000   Number         0  stm32f10x_gpio.o ABSOLUTE
    ..\Source\STM32F10xLib\src\stm32f10x_i2c.c 0x00000000   Number         0  stm32f10x_i2c.o ABSOLUTE
    ..\Source\STM32F10xLib\src\stm32f10x_iwdg.c 0x00000000   Number         0  stm32f10x_iwdg.o ABSOLUTE
    ..\Source\STM32F10xLib\src\stm32f10x_pwr.c 0x00000000   Number         0  stm32f10x_pwr.o ABSOLUTE
    ..\Source\STM32F10xLib\src\stm32f10x_rcc.c 0x00000000   Number         0  stm32f10x_rcc.o ABSOLUTE
    ..\Source\STM32F10xLib\src\stm32f10x_rtc.c 0x00000000   Number         0  stm32f10x_rtc.o ABSOLUTE
    ..\Source\STM32F10xLib\src\stm32f10x_spi.c 0x00000000   Number         0  stm32f10x_spi.o ABSOLUTE
    ..\Source\STM32F10xLib\src\stm32f10x_tim.c 0x00000000   Number         0  stm32f10x_tim.o ABSOLUTE
    ..\Source\STM32F10xLib\src\stm32f10x_usart.c 0x00000000   Number         0  stm32f10x_usart.o ABSOLUTE
    ..\Source\STM32F10xLib\startup\startup_stm32f10x_hd.s 0x00000000   Number         0  startup_stm32f10x_hd.o ABSOLUTE
    ..\\Source\\APP\\Main.c                  0x00000000   Number         0  main.o ABSOLUTE
    ..\\Source\\Drive\\JY61.c                0x00000000   Number         0  jy61.o ABSOLUTE
    ..\\Source\\Drive\\PID.c                 0x00000000   Number         0  pid.o ABSOLUTE
    ..\\Source\\Drive\\control.c             0x00000000   Number         0  control.o ABSOLUTE
    ..\\Source\\Drive\\delay.c               0x00000000   Number         0  delay.o ABSOLUTE
    ..\\Source\\Drive\\oled.c                0x00000000   Number         0  oled.o ABSOLUTE
    ..\\Source\\Drive\\ppm.c                 0x00000000   Number         0  ppm.o ABSOLUTE
    ..\\Source\\Drive\\pwm.c                 0x00000000   Number         0  pwm.o ABSOLUTE
    ..\\Source\\Drive\\system.c              0x00000000   Number         0  system.o ABSOLUTE
    ..\\Source\\Drive\\time.c                0x00000000   Number         0  time.o ABSOLUTE
    ..\\Source\\STM32F10xLib\\M3\\stm32f10x_it.c 0x00000000   Number         0  stm32f10x_it.o ABSOLUTE
    ..\\Source\\STM32F10xLib\\M3\\system_stm32f10x.c 0x00000000   Number         0  system_stm32f10x.o ABSOLUTE
    ..\\Source\\STM32F10xLib\\src\\misc.c    0x00000000   Number         0  misc.o ABSOLUTE
    ..\\Source\\STM32F10xLib\\src\\stm32f10x_adc.c 0x00000000   Number         0  stm32f10x_adc.o ABSOLUTE
    ..\\Source\\STM32F10xLib\\src\\stm32f10x_bkp.c 0x00000000   Number         0  stm32f10x_bkp.o ABSOLUTE
    ..\\Source\\STM32F10xLib\\src\\stm32f10x_can.c 0x00000000   Number         0  stm32f10x_can.o ABSOLUTE
    ..\\Source\\STM32F10xLib\\src\\stm32f10x_dac.c 0x00000000   Number         0  stm32f10x_dac.o ABSOLUTE
    ..\\Source\\STM32F10xLib\\src\\stm32f10x_dma.c 0x00000000   Number         0  stm32f10x_dma.o ABSOLUTE
    ..\\Source\\STM32F10xLib\\src\\stm32f10x_exti.c 0x00000000   Number         0  stm32f10x_exti.o ABSOLUTE
    ..\\Source\\STM32F10xLib\\src\\stm32f10x_flash.c 0x00000000   Number         0  stm32f10x_flash.o ABSOLUTE
    ..\\Source\\STM32F10xLib\\src\\stm32f10x_fsmc.c 0x00000000   Number         0  stm32f10x_fsmc.o ABSOLUTE
    ..\\Source\\STM32F10xLib\\src\\stm32f10x_gpio.c 0x00000000   Number         0  stm32f10x_gpio.o ABSOLUTE
    ..\\Source\\STM32F10xLib\\src\\stm32f10x_i2c.c 0x00000000   Number         0  stm32f10x_i2c.o ABSOLUTE
    ..\\Source\\STM32F10xLib\\src\\stm32f10x_iwdg.c 0x00000000   Number         0  stm32f10x_iwdg.o ABSOLUTE
    ..\\Source\\STM32F10xLib\\src\\stm32f10x_pwr.c 0x00000000   Number         0  stm32f10x_pwr.o ABSOLUTE
    ..\\Source\\STM32F10xLib\\src\\stm32f10x_rcc.c 0x00000000   Number         0  stm32f10x_rcc.o ABSOLUTE
    ..\\Source\\STM32F10xLib\\src\\stm32f10x_rtc.c 0x00000000   Number         0  stm32f10x_rtc.o ABSOLUTE
    ..\\Source\\STM32F10xLib\\src\\stm32f10x_spi.c 0x00000000   Number         0  stm32f10x_spi.o ABSOLUTE
    ..\\Source\\STM32F10xLib\\src\\stm32f10x_tim.c 0x00000000   Number         0  stm32f10x_tim.o ABSOLUTE
    ..\\Source\\STM32F10xLib\\src\\stm32f10x_usart.c 0x00000000   Number         0  stm32f10x_usart.o ABSOLUTE
    cdrcmple.s                               0x00000000   Number         0  cdrcmple.o ABSOLUTE
    cfcmple.s                                0x00000000   Number         0  cfcmple.o ABSOLUTE
    cfrcmple.s                               0x00000000   Number         0  cfrcmple.o ABSOLUTE
    dc.s                                     0x00000000   Number         0  dc.o ABSOLUTE
    handlers.s                               0x00000000   Number         0  handlers.o ABSOLUTE
    init.s                                   0x00000000   Number         0  init.o ABSOLUTE
    RESET                                    0x08000000   Section      304  startup_stm32f10x_hd.o(RESET)
    .ARM.Collect$$$$00000000                 0x08000130   Section        0  entry.o(.ARM.Collect$$$$00000000)
    .ARM.Collect$$$$00000001                 0x08000130   Section        4  entry2.o(.ARM.Collect$$$$00000001)
    .ARM.Collect$$$$00000004                 0x08000134   Section        4  entry5.o(.ARM.Collect$$$$00000004)
    .ARM.Collect$$$$00000008                 0x08000138   Section        0  entry7b.o(.ARM.Collect$$$$00000008)
    .ARM.Collect$$$$0000000A                 0x08000138   Section        0  entry8b.o(.ARM.Collect$$$$0000000A)
    .ARM.Collect$$$$0000000B                 0x08000138   Section        8  entry9a.o(.ARM.Collect$$$$0000000B)
    .ARM.Collect$$$$0000000D                 0x08000140   Section        0  entry10a.o(.ARM.Collect$$$$0000000D)
    .ARM.Collect$$$$0000000F                 0x08000140   Section        0  entry11a.o(.ARM.Collect$$$$0000000F)
    .ARM.Collect$$$$00002712                 0x08000140   Section        4  entry2.o(.ARM.Collect$$$$00002712)
    __lit__00000000                          0x08000140   Data           4  entry2.o(.ARM.Collect$$$$00002712)
    .text                                    0x08000144   Section       36  startup_stm32f10x_hd.o(.text)
    .text                                    0x08000168   Section        0  fadd.o(.text)
    .text                                    0x08000218   Section        0  fmul.o(.text)
    .text                                    0x0800027c   Section        0  fdiv.o(.text)
    .text                                    0x080002f8   Section        0  fflti.o(.text)
    .text                                    0x0800030a   Section        0  ffltui.o(.text)
    .text                                    0x08000314   Section        0  ffixi.o(.text)
    .text                                    0x08000346   Section        0  ffixui.o(.text)
    .text                                    0x0800036e   Section        0  f2d.o(.text)
    .text                                    0x08000394   Section       20  cfcmple.o(.text)
    .text                                    0x080003a8   Section       20  cfrcmple.o(.text)
    .text                                    0x080003bc   Section        0  uidiv.o(.text)
    .text                                    0x080003e8   Section        0  uldiv.o(.text)
    .text                                    0x0800044a   Section        0  iusefp.o(.text)
    .text                                    0x0800044a   Section        0  fepilogue.o(.text)
    .text                                    0x080004b8   Section        0  dadd.o(.text)
    .text                                    0x08000606   Section        0  dmul.o(.text)
    .text                                    0x080006ea   Section        0  ddiv.o(.text)
    .text                                    0x080007c8   Section        0  dfixul.o(.text)
    .text                                    0x080007f8   Section       40  cdrcmple.o(.text)
    .text                                    0x08000820   Section       36  init.o(.text)
    .text                                    0x08000844   Section        0  llshl.o(.text)
    .text                                    0x08000862   Section        0  llushr.o(.text)
    .text                                    0x08000882   Section        0  llsshr.o(.text)
    .text                                    0x080008a6   Section        0  depilogue.o(.text)
    .text                                    0x0800095c   Section        0  __dczerorl2.o(.text)
    i.Altitude_Control                       0x080009b2   Section        0  pid.o(i.Altitude_Control)
    i.Angle_Control                          0x080009c0   Section        0  pid.o(i.Angle_Control)
    i.BusFault_Handler                       0x08000a2c   Section        0  stm32f10x_it.o(i.BusFault_Handler)
    i.Control_Device_LPF                     0x08000a30   Section        0  pid.o(i.Control_Device_LPF)
    i.Control_Output                         0x08000aa4   Section        0  control.o(i.Control_Output)
    i.CopeSerial2Data                        0x08000cb4   Section        0  jy61.o(i.CopeSerial2Data)
    i.DebugMon_Handler                       0x08000dbc   Section        0  stm32f10x_it.o(i.DebugMon_Handler)
    i.GPIO_Init                              0x08000dbe   Section        0  stm32f10x_gpio.o(i.GPIO_Init)
    i.GPIO_ResetBits                         0x08000ed4   Section        0  stm32f10x_gpio.o(i.GPIO_ResetBits)
    i.GPIO_SetBits                           0x08000ed8   Section        0  stm32f10x_gpio.o(i.GPIO_SetBits)
    i.Gyro_Control                           0x08000edc   Section        0  pid.o(i.Gyro_Control)
    i.HardFault_Handler                      0x08000fa0   Section        0  stm32f10x_it.o(i.HardFault_Handler)
    i.Initial_UART2                          0x08000fa4   Section        0  jy61.o(i.Initial_UART2)
    i.MemManage_Handler                      0x08001058   Section        0  stm32f10x_it.o(i.MemManage_Handler)
    i.NMI_Handler                            0x0800105c   Section        0  stm32f10x_it.o(i.NMI_Handler)
    i.NVIC_Configuration                     0x0800105e   Section        0  system.o(i.NVIC_Configuration)
    i.NVIC_Init                              0x08001088   Section        0  misc.o(i.NVIC_Init)
    i.NVIC_PriorityGroupConfig               0x080010f8   Section        0  misc.o(i.NVIC_PriorityGroupConfig)
    i.OLED_Clear                             0x0800110c   Section        0  oled.o(i.OLED_Clear)
    i.OLED_Init                              0x0800114c   Section        0  oled.o(i.OLED_Init)
    i.OLED_Set_Pos                           0x080012d4   Section        0  oled.o(i.OLED_Set_Pos)
    i.OLED_ShowCHinese                       0x08001304   Section        0  oled.o(i.OLED_ShowCHinese)
    i.OLED_ShowChar                          0x0800136c   Section        0  oled.o(i.OLED_ShowChar)
    i.OLED_ShowNum                           0x080013dc   Section        0  oled.o(i.OLED_ShowNum)
    i.OLED_ShowString                        0x08001460   Section        0  oled.o(i.OLED_ShowString)
    i.OLED_WR_Byte                           0x08001498   Section        0  oled.o(i.OLED_WR_Byte)
    i.PID_Control                            0x08001520   Section        0  pid.o(i.PID_Control)
    i.PID_Control_Div_LPF                    0x08001638   Section        0  pid.o(i.PID_Control_Div_LPF)
    i.PID_Init                               0x08001784   Section        0  pid.o(i.PID_Init)
    i.PID_Integrate_Reset                    0x08001880   Section        0  pid.o(i.PID_Integrate_Reset)
    i.PPM_Mapping                            0x08001888   Section        0  ppm.o(i.PPM_Mapping)
    i.PWM2_Init                              0x08001a1c   Section        0  pwm.o(i.PWM2_Init)
    i.PWM_GPIO_Init                          0x08001ab8   Section        0  pwm.o(i.PWM_GPIO_Init)
    i.PWM_Init                               0x08001b04   Section        0  pwm.o(i.PWM_Init)
    i.PWM_Set                                0x08001bb8   Section        0  pwm.o(i.PWM_Set)
    i.PendSV_Handler                         0x08001bec   Section        0  stm32f10x_it.o(i.PendSV_Handler)
    i.RCC_APB1PeriphClockCmd                 0x08001bf0   Section        0  stm32f10x_rcc.o(i.RCC_APB1PeriphClockCmd)
    i.RCC_APB2PeriphClockCmd                 0x08001c10   Section        0  stm32f10x_rcc.o(i.RCC_APB2PeriphClockCmd)
    i.RCC_GetClocksFreq                      0x08001c30   Section        0  stm32f10x_rcc.o(i.RCC_GetClocksFreq)
    i.SVC_Handler                            0x08001d04   Section        0  stm32f10x_it.o(i.SVC_Handler)
    i.SetSysClock                            0x08001d06   Section        0  system_stm32f10x.o(i.SetSysClock)
    SetSysClock                              0x08001d07   Thumb Code     8  system_stm32f10x.o(i.SetSysClock)
    i.SetSysClockTo72                        0x08001d10   Section        0  system_stm32f10x.o(i.SetSysClockTo72)
    SetSysClockTo72                          0x08001d11   Thumb Code   214  system_stm32f10x.o(i.SetSysClockTo72)
    i.SysTick_Handler                        0x08001df0   Section        0  delay.o(i.SysTick_Handler)
    i.SysTick_init                           0x08001e10   Section        0  delay.o(i.SysTick_init)
    i.SystemInit                             0x08001e8c   Section        0  system_stm32f10x.o(i.SystemInit)
    i.TI1_Config                             0x08001eec   Section        0  stm32f10x_tim.o(i.TI1_Config)
    TI1_Config                               0x08001eed   Thumb Code   108  stm32f10x_tim.o(i.TI1_Config)
    i.TI2_Config                             0x08001f6c   Section        0  stm32f10x_tim.o(i.TI2_Config)
    TI2_Config                               0x08001f6d   Thumb Code   130  stm32f10x_tim.o(i.TI2_Config)
    i.TI3_Config                             0x08002004   Section        0  stm32f10x_tim.o(i.TI3_Config)
    TI3_Config                               0x08002005   Thumb Code   122  stm32f10x_tim.o(i.TI3_Config)
    i.TI4_Config                             0x08002094   Section        0  stm32f10x_tim.o(i.TI4_Config)
    TI4_Config                               0x08002095   Thumb Code   130  stm32f10x_tim.o(i.TI4_Config)
    i.TIM1_UP_IRQHandler                     0x0800212c   Section        0  time.o(i.TIM1_UP_IRQHandler)
    i.TIM4_Cap_Init                          0x080022a8   Section        0  ppm.o(i.TIM4_Cap_Init)
    i.TIM4_IRQHandler                        0x08002398   Section        0  ppm.o(i.TIM4_IRQHandler)
    i.TIM_ARRPreloadConfig                   0x08002664   Section        0  stm32f10x_tim.o(i.TIM_ARRPreloadConfig)
    i.TIM_ClearFlag                          0x0800267c   Section        0  stm32f10x_tim.o(i.TIM_ClearFlag)
    i.TIM_ClearITPendingBit                  0x08002682   Section        0  stm32f10x_tim.o(i.TIM_ClearITPendingBit)
    i.TIM_Cmd                                0x08002688   Section        0  stm32f10x_tim.o(i.TIM_Cmd)
    i.TIM_GetCapture1                        0x080026a0   Section        0  stm32f10x_tim.o(i.TIM_GetCapture1)
    i.TIM_GetCapture2                        0x080026a6   Section        0  stm32f10x_tim.o(i.TIM_GetCapture2)
    i.TIM_GetCapture3                        0x080026ac   Section        0  stm32f10x_tim.o(i.TIM_GetCapture3)
    i.TIM_GetCapture4                        0x080026b2   Section        0  stm32f10x_tim.o(i.TIM_GetCapture4)
    i.TIM_GetITStatus                        0x080026ba   Section        0  stm32f10x_tim.o(i.TIM_GetITStatus)
    i.TIM_ICInit                             0x080026dc   Section        0  stm32f10x_tim.o(i.TIM_ICInit)
    i.TIM_ITConfig                           0x08002788   Section        0  stm32f10x_tim.o(i.TIM_ITConfig)
    i.TIM_OC1Init                            0x0800279c   Section        0  stm32f10x_tim.o(i.TIM_OC1Init)
    i.TIM_OC1PolarityConfig                  0x08002834   Section        0  stm32f10x_tim.o(i.TIM_OC1PolarityConfig)
    i.TIM_OC2Init                            0x08002848   Section        0  stm32f10x_tim.o(i.TIM_OC2Init)
    i.TIM_OC2PolarityConfig                  0x080028ec   Section        0  stm32f10x_tim.o(i.TIM_OC2PolarityConfig)
    i.TIM_OC2PreloadConfig                   0x08002906   Section        0  stm32f10x_tim.o(i.TIM_OC2PreloadConfig)
    i.TIM_OC3Init                            0x08002920   Section        0  stm32f10x_tim.o(i.TIM_OC3Init)
    i.TIM_OC3PolarityConfig                  0x080029c0   Section        0  stm32f10x_tim.o(i.TIM_OC3PolarityConfig)
    i.TIM_OC4Init                            0x080029dc   Section        0  stm32f10x_tim.o(i.TIM_OC4Init)
    i.TIM_OC4PolarityConfig                  0x08002a58   Section        0  stm32f10x_tim.o(i.TIM_OC4PolarityConfig)
    i.TIM_PrescalerConfig                    0x08002a72   Section        0  stm32f10x_tim.o(i.TIM_PrescalerConfig)
    i.TIM_SetCompare1                        0x08002a78   Section        0  stm32f10x_tim.o(i.TIM_SetCompare1)
    i.TIM_SetCompare2                        0x08002a7c   Section        0  stm32f10x_tim.o(i.TIM_SetCompare2)
    i.TIM_SetCompare3                        0x08002a80   Section        0  stm32f10x_tim.o(i.TIM_SetCompare3)
    i.TIM_SetCompare4                        0x08002a84   Section        0  stm32f10x_tim.o(i.TIM_SetCompare4)
    i.TIM_SetIC1Prescaler                    0x08002a8a   Section        0  stm32f10x_tim.o(i.TIM_SetIC1Prescaler)
    i.TIM_SetIC2Prescaler                    0x08002a9c   Section        0  stm32f10x_tim.o(i.TIM_SetIC2Prescaler)
    i.TIM_SetIC3Prescaler                    0x08002ab6   Section        0  stm32f10x_tim.o(i.TIM_SetIC3Prescaler)
    i.TIM_SetIC4Prescaler                    0x08002ac8   Section        0  stm32f10x_tim.o(i.TIM_SetIC4Prescaler)
    i.TIM_TimeBaseInit                       0x08002ae4   Section        0  stm32f10x_tim.o(i.TIM_TimeBaseInit)
    i.Take_Off_Reset                         0x08002b88   Section        0  pid.o(i.Take_Off_Reset)
    i.Timer1_Configuration                   0x08002bc0   Section        0  time.o(i.Timer1_Configuration)
    i.Total_PID_Init                         0x08002c10   Section        0  pid.o(i.Total_PID_Init)
    i.USART2_IRQHandler                      0x08002c54   Section        0  jy61.o(i.USART2_IRQHandler)
    i.USART_ClearFlag                        0x08002cdc   Section        0  stm32f10x_usart.o(i.USART_ClearFlag)
    i.USART_ClearITPendingBit                0x08002cee   Section        0  stm32f10x_usart.o(i.USART_ClearITPendingBit)
    i.USART_Cmd                              0x08002d0c   Section        0  stm32f10x_usart.o(i.USART_Cmd)
    i.USART_GetITStatus                      0x08002d24   Section        0  stm32f10x_usart.o(i.USART_GetITStatus)
    i.USART_ITConfig                         0x08002d78   Section        0  stm32f10x_usart.o(i.USART_ITConfig)
    i.USART_Init                             0x08002dc4   Section        0  stm32f10x_usart.o(i.USART_Init)
    i.USART_SendData                         0x08002e9c   Section        0  stm32f10x_usart.o(i.USART_SendData)
    i.UsageFault_Handler                     0x08002ea4   Section        0  stm32f10x_it.o(i.UsageFault_Handler)
    i.Value_Limit                            0x08002ea8   Section        0  control.o(i.Value_Limit)
    i.__0sprintf                             0x08002ebc   Section        0  printfa.o(i.__0sprintf)
    i.__scatterload_copy                     0x08002ee4   Section       14  handlers.o(i.__scatterload_copy)
    i.__scatterload_null                     0x08002ef2   Section        2  handlers.o(i.__scatterload_null)
    i.__scatterload_zeroinit                 0x08002ef4   Section       14  handlers.o(i.__scatterload_zeroinit)
    i._fp_digits                             0x08002f04   Section        0  printfa.o(i._fp_digits)
    _fp_digits                               0x08002f05   Thumb Code   334  printfa.o(i._fp_digits)
    i._printf_core                           0x08003068   Section        0  printfa.o(i._printf_core)
    _printf_core                             0x08003069   Thumb Code  1744  printfa.o(i._printf_core)
    i._printf_post_padding                   0x08003744   Section        0  printfa.o(i._printf_post_padding)
    _printf_post_padding                     0x08003745   Thumb Code    36  printfa.o(i._printf_post_padding)
    i._printf_pre_padding                    0x08003768   Section        0  printfa.o(i._printf_pre_padding)
    _printf_pre_padding                      0x08003769   Thumb Code    46  printfa.o(i._printf_pre_padding)
    i._sputc                                 0x08003796   Section        0  printfa.o(i._sputc)
    _sputc                                   0x08003797   Thumb Code    10  printfa.o(i._sputc)
    i.delay_ms                               0x080037a0   Section        0  delay.o(i.delay_ms)
    i.main                                   0x08003848   Section        0  main.o(i.main)
    i.oled_pow                               0x08003b10   Section        0  oled.o(i.oled_pow)
    i.system_init                            0x08003b26   Section        0  system.o(i.system_init)
    .constdata                               0x08003b48   Section     2072  oled.o(.constdata)
    .constdata                               0x08004360   Section      408  pid.o(.constdata)
    .data                                    0x20000000   Section        6  delay.o(.data)
    fac_us                                   0x20000000   Data           1  delay.o(.data)
    fac_ms                                   0x20000002   Data           2  delay.o(.data)
    .data                                    0x20000006   Section      832  oled.o(.data)
    .data                                    0x20000348   Section       40  time.o(.data)
    .data                                    0x20000370   Section       86  ppm.o(.data)
    .data                                    0x200003c8   Section       75  jy61.o(.data)
    TxCounter                                0x20000410   Data           1  jy61.o(.data)
    count                                    0x20000411   Data           1  jy61.o(.data)
    ucRxCnt                                  0x20000412   Data           1  jy61.o(.data)
    .data                                    0x20000414   Section       28  pid.o(.data)
    .data                                    0x20000430   Section       10  control.o(.data)
    .data                                    0x2000043c   Section       20  system_stm32f10x.o(.data)
    .data                                    0x20000450   Section       20  stm32f10x_rcc.o(.data)
    APBAHBPrescTable                         0x20000450   Data          16  stm32f10x_rcc.o(.data)
    ADCPrescTable                            0x20000460   Data           4  stm32f10x_rcc.o(.data)
    .bss                                     0x20000464   Section       10  ppm.o(.bss)
    .bss                                     0x2000046e   Section      506  jy61.o(.bss)
    TxBuffer                                 0x2000046e   Data         256  jy61.o(.bss)
    ucRxBuffer                               0x2000056e   Data         250  jy61.o(.bss)
    .bss                                     0x20000668   Section      744  pid.o(.bss)
    STACK                                    0x20000950   Section     1024  startup_stm32f10x_hd.o(STACK)

    Global Symbols

    Symbol Name                              Value     Ov Type        Size  Object(Section)

    BuildAttributes$$THM_ISAv4$P$D$K$B$S$PE$A:L22UL41UL21$X:L11$S22US41US21$IEEE1$IW$USESV6$~STKCKD$USESV7$~SHL$OTIME$ROPI$EBA8$MICROLIB$REQ8$PRES8$EABIv2 0x00000000   Number         0  anon$$obj.o ABSOLUTE
    __ARM_use_no_argv                        0x00000000   Number         0  main.o ABSOLUTE
    _printf_a                                0x00000000   Number         0  stubs.o ABSOLUTE
    _printf_c                                0x00000000   Number         0  stubs.o ABSOLUTE
    _printf_charcount                        0x00000000   Number         0  stubs.o ABSOLUTE
    _printf_d                                0x00000000   Number         0  stubs.o ABSOLUTE
    _printf_e                                0x00000000   Number         0  stubs.o ABSOLUTE
    _printf_f                                0x00000000   Number         0  stubs.o ABSOLUTE
    _printf_flags                            0x00000000   Number         0  stubs.o ABSOLUTE
    _printf_fp_dec                           0x00000000   Number         0  stubs.o ABSOLUTE
    _printf_fp_hex                           0x00000000   Number         0  stubs.o ABSOLUTE
    _printf_g                                0x00000000   Number         0  stubs.o ABSOLUTE
    _printf_i                                0x00000000   Number         0  stubs.o ABSOLUTE
    _printf_int_dec                          0x00000000   Number         0  stubs.o ABSOLUTE
    _printf_l                                0x00000000   Number         0  stubs.o ABSOLUTE
    _printf_lc                               0x00000000   Number         0  stubs.o ABSOLUTE
    _printf_ll                               0x00000000   Number         0  stubs.o ABSOLUTE
    _printf_lld                              0x00000000   Number         0  stubs.o ABSOLUTE
    _printf_lli                              0x00000000   Number         0  stubs.o ABSOLUTE
    _printf_llo                              0x00000000   Number         0  stubs.o ABSOLUTE
    _printf_llu                              0x00000000   Number         0  stubs.o ABSOLUTE
    _printf_llx                              0x00000000   Number         0  stubs.o ABSOLUTE
    _printf_longlong_dec                     0x00000000   Number         0  stubs.o ABSOLUTE
    _printf_longlong_hex                     0x00000000   Number         0  stubs.o ABSOLUTE
    _printf_longlong_oct                     0x00000000   Number         0  stubs.o ABSOLUTE
    _printf_ls                               0x00000000   Number         0  stubs.o ABSOLUTE
    _printf_mbtowc                           0x00000000   Number         0  stubs.o ABSOLUTE
    _printf_n                                0x00000000   Number         0  stubs.o ABSOLUTE
    _printf_o                                0x00000000   Number         0  stubs.o ABSOLUTE
    _printf_p                                0x00000000   Number         0  stubs.o ABSOLUTE
    _printf_percent                          0x00000000   Number         0  stubs.o ABSOLUTE
    _printf_pre_padding                      0x00000000   Number         0  stubs.o ABSOLUTE
    _printf_return_value                     0x00000000   Number         0  stubs.o ABSOLUTE
    _printf_s                                0x00000000   Number         0  stubs.o ABSOLUTE
    _printf_sizespec                         0x00000000   Number         0  stubs.o ABSOLUTE
    _printf_str                              0x00000000   Number         0  stubs.o ABSOLUTE
    _printf_truncate_signed                  0x00000000   Number         0  stubs.o ABSOLUTE
    _printf_truncate_unsigned                0x00000000   Number         0  stubs.o ABSOLUTE
    _printf_u                                0x00000000   Number         0  stubs.o ABSOLUTE
    _printf_wc                               0x00000000   Number         0  stubs.o ABSOLUTE
    _printf_wctomb                           0x00000000   Number         0  stubs.o ABSOLUTE
    _printf_widthprec                        0x00000000   Number         0  stubs.o ABSOLUTE
    _printf_x                                0x00000000   Number         0  stubs.o ABSOLUTE
    __cpp_initialize__aeabi_                  - Undefined Weak Reference
    __cxa_finalize                            - Undefined Weak Reference
    _clock_init                               - Undefined Weak Reference
    _microlib_exit                            - Undefined Weak Reference
    __Vectors_Size                           0x00000130   Number         0  startup_stm32f10x_hd.o ABSOLUTE
    __Vectors                                0x08000000   Data           4  startup_stm32f10x_hd.o(RESET)
    __Vectors_End                            0x08000130   Data           0  startup_stm32f10x_hd.o(RESET)
    __main                                   0x08000131   Thumb Code     0  entry.o(.ARM.Collect$$$$00000000)
    _main_stk                                0x08000131   Thumb Code     0  entry2.o(.ARM.Collect$$$$00000001)
    _main_scatterload                        0x08000135   Thumb Code     0  entry5.o(.ARM.Collect$$$$00000004)
    __main_after_scatterload                 0x08000139   Thumb Code     0  entry5.o(.ARM.Collect$$$$00000004)
    _main_clock                              0x08000139   Thumb Code     0  entry7b.o(.ARM.Collect$$$$00000008)
    _main_cpp_init                           0x08000139   Thumb Code     0  entry8b.o(.ARM.Collect$$$$0000000A)
    _main_init                               0x08000139   Thumb Code     0  entry9a.o(.ARM.Collect$$$$0000000B)
    __rt_final_cpp                           0x08000141   Thumb Code     0  entry10a.o(.ARM.Collect$$$$0000000D)
    __rt_final_exit                          0x08000141   Thumb Code     0  entry11a.o(.ARM.Collect$$$$0000000F)
    Reset_Handler                            0x08000145   Thumb Code     8  startup_stm32f10x_hd.o(.text)
    ADC1_2_IRQHandler                        0x0800015f   Thumb Code     0  startup_stm32f10x_hd.o(.text)
    ADC3_IRQHandler                          0x0800015f   Thumb Code     0  startup_stm32f10x_hd.o(.text)
    CAN1_RX1_IRQHandler                      0x0800015f   Thumb Code     0  startup_stm32f10x_hd.o(.text)
    CAN1_SCE_IRQHandler                      0x0800015f   Thumb Code     0  startup_stm32f10x_hd.o(.text)
    DMA1_Channel1_IRQHandler                 0x0800015f   Thumb Code     0  startup_stm32f10x_hd.o(.text)
    DMA1_Channel2_IRQHandler                 0x0800015f   Thumb Code     0  startup_stm32f10x_hd.o(.text)
    DMA1_Channel3_IRQHandler                 0x0800015f   Thumb Code     0  startup_stm32f10x_hd.o(.text)
    DMA1_Channel4_IRQHandler                 0x0800015f   Thumb Code     0  startup_stm32f10x_hd.o(.text)
    DMA1_Channel5_IRQHandler                 0x0800015f   Thumb Code     0  startup_stm32f10x_hd.o(.text)
    DMA1_Channel6_IRQHandler                 0x0800015f   Thumb Code     0  startup_stm32f10x_hd.o(.text)
    DMA1_Channel7_IRQHandler                 0x0800015f   Thumb Code     0  startup_stm32f10x_hd.o(.text)
    DMA2_Channel1_IRQHandler                 0x0800015f   Thumb Code     0  startup_stm32f10x_hd.o(.text)
    DMA2_Channel2_IRQHandler                 0x0800015f   Thumb Code     0  startup_stm32f10x_hd.o(.text)
    DMA2_Channel3_IRQHandler                 0x0800015f   Thumb Code     0  startup_stm32f10x_hd.o(.text)
    DMA2_Channel4_5_IRQHandler               0x0800015f   Thumb Code     0  startup_stm32f10x_hd.o(.text)
    EXTI0_IRQHandler                         0x0800015f   Thumb Code     0  startup_stm32f10x_hd.o(.text)
    EXTI15_10_IRQHandler                     0x0800015f   Thumb Code     0  startup_stm32f10x_hd.o(.text)
    EXTI1_IRQHandler                         0x0800015f   Thumb Code     0  startup_stm32f10x_hd.o(.text)
    EXTI2_IRQHandler                         0x0800015f   Thumb Code     0  startup_stm32f10x_hd.o(.text)
    EXTI3_IRQHandler                         0x0800015f   Thumb Code     0  startup_stm32f10x_hd.o(.text)
    EXTI4_IRQHandler                         0x0800015f   Thumb Code     0  startup_stm32f10x_hd.o(.text)
    EXTI9_5_IRQHandler                       0x0800015f   Thumb Code     0  startup_stm32f10x_hd.o(.text)
    FLASH_IRQHandler                         0x0800015f   Thumb Code     0  startup_stm32f10x_hd.o(.text)
    FSMC_IRQHandler                          0x0800015f   Thumb Code     0  startup_stm32f10x_hd.o(.text)
    I2C1_ER_IRQHandler                       0x0800015f   Thumb Code     0  startup_stm32f10x_hd.o(.text)
    I2C1_EV_IRQHandler                       0x0800015f   Thumb Code     0  startup_stm32f10x_hd.o(.text)
    I2C2_ER_IRQHandler                       0x0800015f   Thumb Code     0  startup_stm32f10x_hd.o(.text)
    I2C2_EV_IRQHandler                       0x0800015f   Thumb Code     0  startup_stm32f10x_hd.o(.text)
    PVD_IRQHandler                           0x0800015f   Thumb Code     0  startup_stm32f10x_hd.o(.text)
    RCC_IRQHandler                           0x0800015f   Thumb Code     0  startup_stm32f10x_hd.o(.text)
    RTCAlarm_IRQHandler                      0x0800015f   Thumb Code     0  startup_stm32f10x_hd.o(.text)
    RTC_IRQHandler                           0x0800015f   Thumb Code     0  startup_stm32f10x_hd.o(.text)
    SDIO_IRQHandler                          0x0800015f   Thumb Code     0  startup_stm32f10x_hd.o(.text)
    SPI1_IRQHandler                          0x0800015f   Thumb Code     0  startup_stm32f10x_hd.o(.text)
    SPI2_IRQHandler                          0x0800015f   Thumb Code     0  startup_stm32f10x_hd.o(.text)
    SPI3_IRQHandler                          0x0800015f   Thumb Code     0  startup_stm32f10x_hd.o(.text)
    TAMPER_IRQHandler                        0x0800015f   Thumb Code     0  startup_stm32f10x_hd.o(.text)
    TIM1_BRK_IRQHandler                      0x0800015f   Thumb Code     0  startup_stm32f10x_hd.o(.text)
    TIM1_CC_IRQHandler                       0x0800015f   Thumb Code     0  startup_stm32f10x_hd.o(.text)
    TIM1_TRG_COM_IRQHandler                  0x0800015f   Thumb Code     0  startup_stm32f10x_hd.o(.text)
    TIM2_IRQHandler                          0x0800015f   Thumb Code     0  startup_stm32f10x_hd.o(.text)
    TIM3_IRQHandler                          0x0800015f   Thumb Code     0  startup_stm32f10x_hd.o(.text)
    TIM5_IRQHandler                          0x0800015f   Thumb Code     0  startup_stm32f10x_hd.o(.text)
    TIM6_IRQHandler                          0x0800015f   Thumb Code     0  startup_stm32f10x_hd.o(.text)
    TIM7_IRQHandler                          0x0800015f   Thumb Code     0  startup_stm32f10x_hd.o(.text)
    TIM8_BRK_IRQHandler                      0x0800015f   Thumb Code     0  startup_stm32f10x_hd.o(.text)
    TIM8_CC_IRQHandler                       0x0800015f   Thumb Code     0  startup_stm32f10x_hd.o(.text)
    TIM8_TRG_COM_IRQHandler                  0x0800015f   Thumb Code     0  startup_stm32f10x_hd.o(.text)
    TIM8_UP_IRQHandler                       0x0800015f   Thumb Code     0  startup_stm32f10x_hd.o(.text)
    UART4_IRQHandler                         0x0800015f   Thumb Code     0  startup_stm32f10x_hd.o(.text)
    UART5_IRQHandler                         0x0800015f   Thumb Code     0  startup_stm32f10x_hd.o(.text)
    USART1_IRQHandler                        0x0800015f   Thumb Code     0  startup_stm32f10x_hd.o(.text)
    USART3_IRQHandler                        0x0800015f   Thumb Code     0  startup_stm32f10x_hd.o(.text)
    USBWakeUp_IRQHandler                     0x0800015f   Thumb Code     0  startup_stm32f10x_hd.o(.text)
    USB_HP_CAN1_TX_IRQHandler                0x0800015f   Thumb Code     0  startup_stm32f10x_hd.o(.text)
    USB_LP_CAN1_RX0_IRQHandler               0x0800015f   Thumb Code     0  startup_stm32f10x_hd.o(.text)
    WWDG_IRQHandler                          0x0800015f   Thumb Code     0  startup_stm32f10x_hd.o(.text)
    __aeabi_fadd                             0x08000169   Thumb Code   164  fadd.o(.text)
    __aeabi_fsub                             0x0800020d   Thumb Code     6  fadd.o(.text)
    __aeabi_frsub                            0x08000213   Thumb Code     6  fadd.o(.text)
    __aeabi_fmul                             0x08000219   Thumb Code   100  fmul.o(.text)
    __aeabi_fdiv                             0x0800027d   Thumb Code   124  fdiv.o(.text)
    __aeabi_i2f                              0x080002f9   Thumb Code    18  fflti.o(.text)
    __aeabi_ui2f                             0x0800030b   Thumb Code    10  ffltui.o(.text)
    __aeabi_f2iz                             0x08000315   Thumb Code    50  ffixi.o(.text)
    __aeabi_f2uiz                            0x08000347   Thumb Code    40  ffixui.o(.text)
    __aeabi_f2d                              0x0800036f   Thumb Code    38  f2d.o(.text)
    __aeabi_cfcmpeq                          0x08000395   Thumb Code     0  cfcmple.o(.text)
    __aeabi_cfcmple                          0x08000395   Thumb Code    20  cfcmple.o(.text)
    __aeabi_cfrcmple                         0x080003a9   Thumb Code    20  cfrcmple.o(.text)
    __aeabi_uidiv                            0x080003bd   Thumb Code     0  uidiv.o(.text)
    __aeabi_uidivmod                         0x080003bd   Thumb Code    44  uidiv.o(.text)
    __aeabi_uldivmod                         0x080003e9   Thumb Code    98  uldiv.o(.text)
    __I$use$fp                               0x0800044b   Thumb Code     0  iusefp.o(.text)
    _float_round                             0x0800044b   Thumb Code    18  fepilogue.o(.text)
    _float_epilogue                          0x0800045d   Thumb Code    92  fepilogue.o(.text)
    __aeabi_dadd                             0x080004b9   Thumb Code   322  dadd.o(.text)
    __aeabi_dsub                             0x080005fb   Thumb Code     6  dadd.o(.text)
    __aeabi_drsub                            0x08000601   Thumb Code     6  dadd.o(.text)
    __aeabi_dmul                             0x08000607   Thumb Code   228  dmul.o(.text)
    __aeabi_ddiv                             0x080006eb   Thumb Code   222  ddiv.o(.text)
    __aeabi_d2ulz                            0x080007c9   Thumb Code    48  dfixul.o(.text)
    __aeabi_cdrcmple                         0x080007f9   Thumb Code    38  cdrcmple.o(.text)
    __scatterload                            0x08000821   Thumb Code    28  init.o(.text)
    __scatterload_rt2                        0x08000821   Thumb Code     0  init.o(.text)
    __aeabi_llsl                             0x08000845   Thumb Code    30  llshl.o(.text)
    _ll_shift_l                              0x08000845   Thumb Code     0  llshl.o(.text)
    __aeabi_llsr                             0x08000863   Thumb Code    32  llushr.o(.text)
    _ll_ushift_r                             0x08000863   Thumb Code     0  llushr.o(.text)
    __aeabi_lasr                             0x08000883   Thumb Code    36  llsshr.o(.text)
    _ll_sshift_r                             0x08000883   Thumb Code     0  llsshr.o(.text)
    _double_round                            0x080008a7   Thumb Code    26  depilogue.o(.text)
    _double_epilogue                         0x080008c1   Thumb Code   156  depilogue.o(.text)
    __decompress                             0x0800095d   Thumb Code     0  __dczerorl2.o(.text)
    __decompress1                            0x0800095d   Thumb Code    86  __dczerorl2.o(.text)
    Altitude_Control                         0x080009b3   Thumb Code    12  pid.o(i.Altitude_Control)
    Angle_Control                            0x080009c1   Thumb Code    86  pid.o(i.Angle_Control)
    BusFault_Handler                         0x08000a2d   Thumb Code     4  stm32f10x_it.o(i.BusFault_Handler)
    Control_Device_LPF                       0x08000a31   Thumb Code   116  pid.o(i.Control_Device_LPF)
    Control_Output                           0x08000aa5   Thumb Code   496  control.o(i.Control_Output)
    CopeSerial2Data                          0x08000cb5   Thumb Code   220  jy61.o(i.CopeSerial2Data)
    DebugMon_Handler                         0x08000dbd   Thumb Code     2  stm32f10x_it.o(i.DebugMon_Handler)
    GPIO_Init                                0x08000dbf   Thumb Code   278  stm32f10x_gpio.o(i.GPIO_Init)
    GPIO_ResetBits                           0x08000ed5   Thumb Code     4  stm32f10x_gpio.o(i.GPIO_ResetBits)
    GPIO_SetBits                             0x08000ed9   Thumb Code     4  stm32f10x_gpio.o(i.GPIO_SetBits)
    Gyro_Control                             0x08000edd   Thumb Code   170  pid.o(i.Gyro_Control)
    HardFault_Handler                        0x08000fa1   Thumb Code     4  stm32f10x_it.o(i.HardFault_Handler)
    Initial_UART2                            0x08000fa5   Thumb Code   168  jy61.o(i.Initial_UART2)
    MemManage_Handler                        0x08001059   Thumb Code     4  stm32f10x_it.o(i.MemManage_Handler)
    NMI_Handler                              0x0800105d   Thumb Code     2  stm32f10x_it.o(i.NMI_Handler)
    NVIC_Configuration                       0x0800105f   Thumb Code    42  system.o(i.NVIC_Configuration)
    NVIC_Init                                0x08001089   Thumb Code   100  misc.o(i.NVIC_Init)
    NVIC_PriorityGroupConfig                 0x080010f9   Thumb Code    10  misc.o(i.NVIC_PriorityGroupConfig)
    OLED_Clear                               0x0800110d   Thumb Code    64  oled.o(i.OLED_Clear)
    OLED_Init                                0x0800114d   Thumb Code   382  oled.o(i.OLED_Init)
    OLED_Set_Pos                             0x080012d5   Thumb Code    46  oled.o(i.OLED_Set_Pos)
    OLED_ShowCHinese                         0x08001305   Thumb Code    98  oled.o(i.OLED_ShowCHinese)
    OLED_ShowChar                            0x0800136d   Thumb Code   106  oled.o(i.OLED_ShowChar)
    OLED_ShowNum                             0x080013dd   Thumb Code   132  oled.o(i.OLED_ShowNum)
    OLED_ShowString                          0x08001461   Thumb Code    54  oled.o(i.OLED_ShowString)
    OLED_WR_Byte                             0x08001499   Thumb Code   126  oled.o(i.OLED_WR_Byte)
    PID_Control                              0x08001521   Thumb Code   280  pid.o(i.PID_Control)
    PID_Control_Div_LPF                      0x08001639   Thumb Code   328  pid.o(i.PID_Control_Div_LPF)
    PID_Init                                 0x08001785   Thumb Code   248  pid.o(i.PID_Init)
    PID_Integrate_Reset                      0x08001881   Thumb Code     6  pid.o(i.PID_Integrate_Reset)
    PPM_Mapping                              0x08001889   Thumb Code   362  ppm.o(i.PPM_Mapping)
    PWM2_Init                                0x08001a1d   Thumb Code   146  pwm.o(i.PWM2_Init)
    PWM_GPIO_Init                            0x08001ab9   Thumb Code    68  pwm.o(i.PWM_GPIO_Init)
    PWM_Init                                 0x08001b05   Thumb Code   166  pwm.o(i.PWM_Init)
    PWM_Set                                  0x08001bb9   Thumb Code    48  pwm.o(i.PWM_Set)
    PendSV_Handler                           0x08001bed   Thumb Code     2  stm32f10x_it.o(i.PendSV_Handler)
    RCC_APB1PeriphClockCmd                   0x08001bf1   Thumb Code    26  stm32f10x_rcc.o(i.RCC_APB1PeriphClockCmd)
    RCC_APB2PeriphClockCmd                   0x08001c11   Thumb Code    26  stm32f10x_rcc.o(i.RCC_APB2PeriphClockCmd)
    RCC_GetClocksFreq                        0x08001c31   Thumb Code   192  stm32f10x_rcc.o(i.RCC_GetClocksFreq)
    SVC_Handler                              0x08001d05   Thumb Code     2  stm32f10x_it.o(i.SVC_Handler)
    SysTick_Handler                          0x08001df1   Thumb Code    24  delay.o(i.SysTick_Handler)
    SysTick_init                             0x08001e11   Thumb Code   114  delay.o(i.SysTick_init)
    SystemInit                               0x08001e8d   Thumb Code    78  system_stm32f10x.o(i.SystemInit)
    TIM1_UP_IRQHandler                       0x0800212d   Thumb Code   322  time.o(i.TIM1_UP_IRQHandler)
    TIM4_Cap_Init                            0x080022a9   Thumb Code   228  ppm.o(i.TIM4_Cap_Init)
    TIM4_IRQHandler                          0x08002399   Thumb Code   614  ppm.o(i.TIM4_IRQHandler)
    TIM_ARRPreloadConfig                     0x08002665   Thumb Code    24  stm32f10x_tim.o(i.TIM_ARRPreloadConfig)
    TIM_ClearFlag                            0x0800267d   Thumb Code     6  stm32f10x_tim.o(i.TIM_ClearFlag)
    TIM_ClearITPendingBit                    0x08002683   Thumb Code     6  stm32f10x_tim.o(i.TIM_ClearITPendingBit)
    TIM_Cmd                                  0x08002689   Thumb Code    24  stm32f10x_tim.o(i.TIM_Cmd)
    TIM_GetCapture1                          0x080026a1   Thumb Code     6  stm32f10x_tim.o(i.TIM_GetCapture1)
    TIM_GetCapture2                          0x080026a7   Thumb Code     6  stm32f10x_tim.o(i.TIM_GetCapture2)
    TIM_GetCapture3                          0x080026ad   Thumb Code     6  stm32f10x_tim.o(i.TIM_GetCapture3)
    TIM_GetCapture4                          0x080026b3   Thumb Code     8  stm32f10x_tim.o(i.TIM_GetCapture4)
    TIM_GetITStatus                          0x080026bb   Thumb Code    34  stm32f10x_tim.o(i.TIM_GetITStatus)
    TIM_ICInit                               0x080026dd   Thumb Code   150  stm32f10x_tim.o(i.TIM_ICInit)
    TIM_ITConfig                             0x08002789   Thumb Code    18  stm32f10x_tim.o(i.TIM_ITConfig)
    TIM_OC1Init                              0x0800279d   Thumb Code   132  stm32f10x_tim.o(i.TIM_OC1Init)
    TIM_OC1PolarityConfig                    0x08002835   Thumb Code    18  stm32f10x_tim.o(i.TIM_OC1PolarityConfig)
    TIM_OC2Init                              0x08002849   Thumb Code   154  stm32f10x_tim.o(i.TIM_OC2Init)
    TIM_OC2PolarityConfig                    0x080028ed   Thumb Code    26  stm32f10x_tim.o(i.TIM_OC2PolarityConfig)
    TIM_OC2PreloadConfig                     0x08002907   Thumb Code    26  stm32f10x_tim.o(i.TIM_OC2PreloadConfig)
    TIM_OC3Init                              0x08002921   Thumb Code   150  stm32f10x_tim.o(i.TIM_OC3Init)
    TIM_OC3PolarityConfig                    0x080029c1   Thumb Code    26  stm32f10x_tim.o(i.TIM_OC3PolarityConfig)
    TIM_OC4Init                              0x080029dd   Thumb Code   114  stm32f10x_tim.o(i.TIM_OC4Init)
    TIM_OC4PolarityConfig                    0x08002a59   Thumb Code    26  stm32f10x_tim.o(i.TIM_OC4PolarityConfig)
    TIM_PrescalerConfig                      0x08002a73   Thumb Code     6  stm32f10x_tim.o(i.TIM_PrescalerConfig)
    TIM_SetCompare1                          0x08002a79   Thumb Code     4  stm32f10x_tim.o(i.TIM_SetCompare1)
    TIM_SetCompare2                          0x08002a7d   Thumb Code     4  stm32f10x_tim.o(i.TIM_SetCompare2)
    TIM_SetCompare3                          0x08002a81   Thumb Code     4  stm32f10x_tim.o(i.TIM_SetCompare3)
    TIM_SetCompare4                          0x08002a85   Thumb Code     6  stm32f10x_tim.o(i.TIM_SetCompare4)
    TIM_SetIC1Prescaler                      0x08002a8b   Thumb Code    18  stm32f10x_tim.o(i.TIM_SetIC1Prescaler)
    TIM_SetIC2Prescaler                      0x08002a9d   Thumb Code    26  stm32f10x_tim.o(i.TIM_SetIC2Prescaler)
    TIM_SetIC3Prescaler                      0x08002ab7   Thumb Code    18  stm32f10x_tim.o(i.TIM_SetIC3Prescaler)
    TIM_SetIC4Prescaler                      0x08002ac9   Thumb Code    26  stm32f10x_tim.o(i.TIM_SetIC4Prescaler)
    TIM_TimeBaseInit                         0x08002ae5   Thumb Code   122  stm32f10x_tim.o(i.TIM_TimeBaseInit)
    Take_Off_Reset                           0x08002b89   Thumb Code    48  pid.o(i.Take_Off_Reset)
    Timer1_Configuration                     0x08002bc1   Thumb Code    74  time.o(i.Timer1_Configuration)
    Total_PID_Init                           0x08002c11   Thumb Code    60  pid.o(i.Total_PID_Init)
    USART2_IRQHandler                        0x08002c55   Thumb Code   118  jy61.o(i.USART2_IRQHandler)
    USART_ClearFlag                          0x08002cdd   Thumb Code    18  stm32f10x_usart.o(i.USART_ClearFlag)
    USART_ClearITPendingBit                  0x08002cef   Thumb Code    30  stm32f10x_usart.o(i.USART_ClearITPendingBit)
    USART_Cmd                                0x08002d0d   Thumb Code    24  stm32f10x_usart.o(i.USART_Cmd)
    USART_GetITStatus                        0x08002d25   Thumb Code    84  stm32f10x_usart.o(i.USART_GetITStatus)
    USART_ITConfig                           0x08002d79   Thumb Code    74  stm32f10x_usart.o(i.USART_ITConfig)
    USART_Init                               0x08002dc5   Thumb Code   210  stm32f10x_usart.o(i.USART_Init)
    USART_SendData                           0x08002e9d   Thumb Code     8  stm32f10x_usart.o(i.USART_SendData)
    UsageFault_Handler                       0x08002ea5   Thumb Code     4  stm32f10x_it.o(i.UsageFault_Handler)
    Value_Limit                              0x08002ea9   Thumb Code    20  control.o(i.Value_Limit)
    __0sprintf                               0x08002ebd   Thumb Code    34  printfa.o(i.__0sprintf)
    __1sprintf                               0x08002ebd   Thumb Code     0  printfa.o(i.__0sprintf)
    __2sprintf                               0x08002ebd   Thumb Code     0  printfa.o(i.__0sprintf)
    __c89sprintf                             0x08002ebd   Thumb Code     0  printfa.o(i.__0sprintf)
    sprintf                                  0x08002ebd   Thumb Code     0  printfa.o(i.__0sprintf)
    __scatterload_copy                       0x08002ee5   Thumb Code    14  handlers.o(i.__scatterload_copy)
    __scatterload_null                       0x08002ef3   Thumb Code     2  handlers.o(i.__scatterload_null)
    __scatterload_zeroinit                   0x08002ef5   Thumb Code    14  handlers.o(i.__scatterload_zeroinit)
    delay_ms                                 0x080037a1   Thumb Code   158  delay.o(i.delay_ms)
    main                                     0x08003849   Thumb Code   608  main.o(i.main)
    oled_pow                                 0x08003b11   Thumb Code    22  oled.o(i.oled_pow)
    system_init                              0x08003b27   Thumb Code    34  system.o(i.system_init)
    F6x8                                     0x08003b48   Data         552  oled.o(.constdata)
    F8X16                                    0x08003d70   Data        1520  oled.o(.constdata)
    Control_Unit                             0x08004360   Data         408  pid.o(.constdata)
    Region$$Table$$Base                      0x080044f8   Number         0  anon$$obj.o(Region$$Table)
    Region$$Table$$Limit                     0x08004518   Number         0  anon$$obj.o(Region$$Table)
    ucTimeFlag                               0x20000004   Data           1  delay.o(.data)
    ucDelayFlag                              0x20000005   Data           1  delay.o(.data)
    Hzk                                      0x20000006   Data         832  oled.o(.data)
    Angle_yaw                                0x20000348   Data           4  time.o(.data)
    Angle_pitch                              0x2000034c   Data           4  time.o(.data)
    Angle_roll                               0x20000350   Data           4  time.o(.data)
    Gyro_yaw                                 0x20000354   Data           4  time.o(.data)
    Gyro_pitch                               0x20000358   Data           4  time.o(.data)
    Gyro_roll                                0x2000035c   Data           4  time.o(.data)
    Time_Sys                                 0x20000360   Data           8  time.o(.data)
    Microsecond_Cnt                          0x20000368   Data           2  time.o(.data)
    TIME_ISR_CNT                             0x2000036c   Data           4  time.o(.data)
    TIM4CH1_CAPTURE_STA                      0x20000370   Data           1  ppm.o(.data)
    TIM4CH1_CAPTURE_UPVAL                    0x20000372   Data           2  ppm.o(.data)
    TIM4CH1_CAPTURE_DOWNVAL                  0x20000374   Data           2  ppm.o(.data)
    TIM4CH2_CAPTURE_STA                      0x20000376   Data           1  ppm.o(.data)
    TIM4CH2_CAPTURE_UPVAL                    0x20000378   Data           2  ppm.o(.data)
    TIM4CH2_CAPTURE_DOWNVAL                  0x2000037a   Data           2  ppm.o(.data)
    TIM4CH3_CAPTURE_STA                      0x2000037c   Data           1  ppm.o(.data)
    TIM4CH3_CAPTURE_UPVAL                    0x2000037e   Data           2  ppm.o(.data)
    TIM4CH3_CAPTURE_DOWNVAL                  0x20000380   Data           2  ppm.o(.data)
    TIM4CH4_CAPTURE_STA                      0x20000382   Data           1  ppm.o(.data)
    TIM4CH4_CAPTURE_UPVAL                    0x20000384   Data           2  ppm.o(.data)
    TIM4CH4_CAPTURE_DOWNVAL                  0x20000386   Data           2  ppm.o(.data)
    tempup1                                  0x20000388   Data           4  ppm.o(.data)
    tempup2                                  0x2000038c   Data           4  ppm.o(.data)
    tempup3                                  0x20000390   Data           4  ppm.o(.data)
    tempup4                                  0x20000394   Data           4  ppm.o(.data)
    tim4_T1                                  0x20000398   Data           4  ppm.o(.data)
    tim4_T2                                  0x2000039c   Data           4  ppm.o(.data)
    tim4_T3                                  0x200003a0   Data           4  ppm.o(.data)
    tim4_T4                                  0x200003a4   Data           4  ppm.o(.data)
    pwmout1                                  0x200003a8   Data           4  ppm.o(.data)
    pwmout2                                  0x200003ac   Data           4  ppm.o(.data)
    pwmout3                                  0x200003b0   Data           4  ppm.o(.data)
    pwmout4                                  0x200003b4   Data           4  ppm.o(.data)
    Throttle_Control                         0x200003b8   Data           2  ppm.o(.data)
    Pitch_Control                            0x200003ba   Data           2  ppm.o(.data)
    Roll_Control                             0x200003bc   Data           2  ppm.o(.data)
    Yaw_Control                              0x200003be   Data           2  ppm.o(.data)
    Target_Angle                             0x200003c0   Data           4  ppm.o(.data)
    Temp_RC                                  0x200003c4   Data           2  ppm.o(.data)
    stcTime                                  0x200003c8   Data           8  jy61.o(.data)
    stcAcc                                   0x200003d0   Data           8  jy61.o(.data)
    stcGyro                                  0x200003d8   Data           8  jy61.o(.data)
    stcAngle                                 0x200003e0   Data           8  jy61.o(.data)
    stcMag                                   0x200003e8   Data           8  jy61.o(.data)
    stcDStatus                               0x200003f0   Data           8  jy61.o(.data)
    stcPress                                 0x200003f8   Data           8  jy61.o(.data)
    stcLonLat                                0x20000400   Data           8  jy61.o(.data)
    stcGPSV                                  0x20000408   Data           8  jy61.o(.data)
    Yaw_Feedforward                          0x20000414   Data           4  pid.o(.data)
    Control_Device_Div_LPF_Parameter         0x20000418   Data          24  pid.o(.data)
    Motor_PWM_1                              0x20000430   Data           2  control.o(.data)
    Motor_PWM_2                              0x20000432   Data           2  control.o(.data)
    Motor_PWM_3                              0x20000434   Data           2  control.o(.data)
    Motor_PWM_4                              0x20000436   Data           2  control.o(.data)
    mm                                       0x20000438   Data           2  control.o(.data)
    SystemCoreClock                          0x2000043c   Data           4  system_stm32f10x.o(.data)
    AHBPrescTable                            0x20000440   Data          16  system_stm32f10x.o(.data)
    TIM4_ICInitStructure                     0x20000464   Data          10  ppm.o(.bss)
    Total_Controler                          0x20000668   Data         744  pid.o(.bss)
    __initial_sp                             0x20000d50   Data           0  startup_stm32f10x_hd.o(STACK)



==============================================================================

Memory Map of the image

  Image Entry point : 0x08000131

  Load Region LR_IROM1 (Base: 0x08000000, Size: 0x0000497c, Max: 0x00010000, ABSOLUTE, COMPRESSED[0x000046a4])

    Execution Region ER_IROM1 (Base: 0x08000000, Size: 0x00004518, Max: 0x00010000, ABSOLUTE)

    Base Addr    Size         Type   Attr      Idx    E Section Name        Object

    0x08000000   0x00000130   Data   RO         3172    RESET               startup_stm32f10x_hd.o
    0x08000130   0x00000000   Code   RO         3438  * .ARM.Collect$$$$00000000  mc_w.l(entry.o)
    0x08000130   0x00000004   Code   RO         3722    .ARM.Collect$$$$00000001  mc_w.l(entry2.o)
    0x08000134   0x00000004   Code   RO         3725    .ARM.Collect$$$$00000004  mc_w.l(entry5.o)
    0x08000138   0x00000000   Code   RO         3727    .ARM.Collect$$$$00000008  mc_w.l(entry7b.o)
    0x08000138   0x00000000   Code   RO         3729    .ARM.Collect$$$$0000000A  mc_w.l(entry8b.o)
    0x08000138   0x00000008   Code   RO         3730    .ARM.Collect$$$$0000000B  mc_w.l(entry9a.o)
    0x08000140   0x00000000   Code   RO         3732    .ARM.Collect$$$$0000000D  mc_w.l(entry10a.o)
    0x08000140   0x00000000   Code   RO         3734    .ARM.Collect$$$$0000000F  mc_w.l(entry11a.o)
    0x08000140   0x00000004   Code   RO         3723    .ARM.Collect$$$$00002712  mc_w.l(entry2.o)
    0x08000144   0x00000024   Code   RO         3173    .text               startup_stm32f10x_hd.o
    0x08000168   0x000000b0   Code   RO         3702    .text               mf_w.l(fadd.o)
    0x08000218   0x00000064   Code   RO         3704    .text               mf_w.l(fmul.o)
    0x0800027c   0x0000007c   Code   RO         3706    .text               mf_w.l(fdiv.o)
    0x080002f8   0x00000012   Code   RO         3708    .text               mf_w.l(fflti.o)
    0x0800030a   0x0000000a   Code   RO         3710    .text               mf_w.l(ffltui.o)
    0x08000314   0x00000032   Code   RO         3712    .text               mf_w.l(ffixi.o)
    0x08000346   0x00000028   Code   RO         3714    .text               mf_w.l(ffixui.o)
    0x0800036e   0x00000026   Code   RO         3716    .text               mf_w.l(f2d.o)
    0x08000394   0x00000014   Code   RO         3718    .text               mf_w.l(cfcmple.o)
    0x080003a8   0x00000014   Code   RO         3720    .text               mf_w.l(cfrcmple.o)
    0x080003bc   0x0000002c   Code   RO         3739    .text               mc_w.l(uidiv.o)
    0x080003e8   0x00000062   Code   RO         3741    .text               mc_w.l(uldiv.o)
    0x0800044a   0x00000000   Code   RO         3743    .text               mc_w.l(iusefp.o)
    0x0800044a   0x0000006e   Code   RO         3744    .text               mf_w.l(fepilogue.o)
    0x080004b8   0x0000014e   Code   RO         3746    .text               mf_w.l(dadd.o)
    0x08000606   0x000000e4   Code   RO         3748    .text               mf_w.l(dmul.o)
    0x080006ea   0x000000de   Code   RO         3750    .text               mf_w.l(ddiv.o)
    0x080007c8   0x00000030   Code   RO         3752    .text               mf_w.l(dfixul.o)
    0x080007f8   0x00000028   Code   RO         3754    .text               mf_w.l(cdrcmple.o)
    0x08000820   0x00000024   Code   RO         3756    .text               mc_w.l(init.o)
    0x08000844   0x0000001e   Code   RO         3759    .text               mc_w.l(llshl.o)
    0x08000862   0x00000020   Code   RO         3761    .text               mc_w.l(llushr.o)
    0x08000882   0x00000024   Code   RO         3763    .text               mc_w.l(llsshr.o)
    0x080008a6   0x000000b6   Code   RO         3766    .text               mf_w.l(depilogue.o)
    0x0800095c   0x00000056   Code   RO         3776    .text               mc_w.l(__dczerorl2.o)
    0x080009b2   0x0000000c   Code   RO          463    i.Altitude_Control  pid.o
    0x080009be   0x00000002   PAD
    0x080009c0   0x0000006c   Code   RO          464    i.Angle_Control     pid.o
    0x08000a2c   0x00000004   Code   RO         2761    i.BusFault_Handler  stm32f10x_it.o
    0x08000a30   0x00000074   Code   RO          465    i.Control_Device_LPF  pid.o
    0x08000aa4   0x00000210   Code   RO          545    i.Control_Output    control.o
    0x08000cb4   0x00000108   Code   RO          367    i.CopeSerial2Data   jy61.o
    0x08000dbc   0x00000002   Code   RO         2762    i.DebugMon_Handler  stm32f10x_it.o
    0x08000dbe   0x00000116   Code   RO         1485    i.GPIO_Init         stm32f10x_gpio.o
    0x08000ed4   0x00000004   Code   RO         1492    i.GPIO_ResetBits    stm32f10x_gpio.o
    0x08000ed8   0x00000004   Code   RO         1493    i.GPIO_SetBits      stm32f10x_gpio.o
    0x08000edc   0x000000c4   Code   RO          466    i.Gyro_Control      pid.o
    0x08000fa0   0x00000004   Code   RO         2763    i.HardFault_Handler  stm32f10x_it.o
    0x08000fa4   0x000000b4   Code   RO          368    i.Initial_UART2     jy61.o
    0x08001058   0x00000004   Code   RO         2764    i.MemManage_Handler  stm32f10x_it.o
    0x0800105c   0x00000002   Code   RO         2765    i.NMI_Handler       stm32f10x_it.o
    0x0800105e   0x0000002a   Code   RO          341    i.NVIC_Configuration  system.o
    0x08001088   0x00000070   Code   RO          617    i.NVIC_Init         misc.o
    0x080010f8   0x00000014   Code   RO          618    i.NVIC_PriorityGroupConfig  misc.o
    0x0800110c   0x00000040   Code   RO          174    i.OLED_Clear        oled.o
    0x0800114c   0x00000188   Code   RO          178    i.OLED_Init         oled.o
    0x080012d4   0x0000002e   Code   RO          179    i.OLED_Set_Pos      oled.o
    0x08001302   0x00000002   PAD
    0x08001304   0x00000068   Code   RO          180    i.OLED_ShowCHinese  oled.o
    0x0800136c   0x00000070   Code   RO          181    i.OLED_ShowChar     oled.o
    0x080013dc   0x00000084   Code   RO          182    i.OLED_ShowNum      oled.o
    0x08001460   0x00000036   Code   RO          183    i.OLED_ShowString   oled.o
    0x08001496   0x00000002   PAD
    0x08001498   0x00000088   Code   RO          184    i.OLED_WR_Byte      oled.o
    0x08001520   0x00000118   Code   RO          467    i.PID_Control       pid.o
    0x08001638   0x0000014c   Code   RO          468    i.PID_Control_Div_LPF  pid.o
    0x08001784   0x000000fc   Code   RO          469    i.PID_Init          pid.o
    0x08001880   0x00000006   Code   RO          470    i.PID_Integrate_Reset  pid.o
    0x08001886   0x00000002   PAD
    0x08001888   0x00000194   Code   RO          302    i.PPM_Mapping       ppm.o
    0x08001a1c   0x0000009c   Code   RO          425    i.PWM2_Init         pwm.o
    0x08001ab8   0x0000004c   Code   RO          426    i.PWM_GPIO_Init     pwm.o
    0x08001b04   0x000000b4   Code   RO          427    i.PWM_Init          pwm.o
    0x08001bb8   0x00000034   Code   RO          428    i.PWM_Set           pwm.o
    0x08001bec   0x00000002   Code   RO         2766    i.PendSV_Handler    stm32f10x_it.o
    0x08001bee   0x00000002   PAD
    0x08001bf0   0x00000020   Code   RO         1656    i.RCC_APB1PeriphClockCmd  stm32f10x_rcc.o
    0x08001c10   0x00000020   Code   RO         1658    i.RCC_APB2PeriphClockCmd  stm32f10x_rcc.o
    0x08001c30   0x000000d4   Code   RO         1666    i.RCC_GetClocksFreq  stm32f10x_rcc.o
    0x08001d04   0x00000002   Code   RO         2767    i.SVC_Handler       stm32f10x_it.o
    0x08001d06   0x00000008   Code   RO          575    i.SetSysClock       system_stm32f10x.o
    0x08001d0e   0x00000002   PAD
    0x08001d10   0x000000e0   Code   RO          576    i.SetSysClockTo72   system_stm32f10x.o
    0x08001df0   0x00000020   Code   RO          128    i.SysTick_Handler   delay.o
    0x08001e10   0x0000007c   Code   RO          129    i.SysTick_init      delay.o
    0x08001e8c   0x00000060   Code   RO          578    i.SystemInit        system_stm32f10x.o
    0x08001eec   0x00000080   Code   RO         2017    i.TI1_Config        stm32f10x_tim.o
    0x08001f6c   0x00000098   Code   RO         2018    i.TI2_Config        stm32f10x_tim.o
    0x08002004   0x00000090   Code   RO         2019    i.TI3_Config        stm32f10x_tim.o
    0x08002094   0x00000098   Code   RO         2020    i.TI4_Config        stm32f10x_tim.o
    0x0800212c   0x0000017c   Code   RO          270    i.TIM1_UP_IRQHandler  time.o
    0x080022a8   0x000000f0   Code   RO          303    i.TIM4_Cap_Init     ppm.o
    0x08002398   0x000002cc   Code   RO          304    i.TIM4_IRQHandler   ppm.o
    0x08002664   0x00000018   Code   RO         2021    i.TIM_ARRPreloadConfig  stm32f10x_tim.o
    0x0800267c   0x00000006   Code   RO         2027    i.TIM_ClearFlag     stm32f10x_tim.o
    0x08002682   0x00000006   Code   RO         2028    i.TIM_ClearITPendingBit  stm32f10x_tim.o
    0x08002688   0x00000018   Code   RO         2033    i.TIM_Cmd           stm32f10x_tim.o
    0x080026a0   0x00000006   Code   RO         2048    i.TIM_GetCapture1   stm32f10x_tim.o
    0x080026a6   0x00000006   Code   RO         2049    i.TIM_GetCapture2   stm32f10x_tim.o
    0x080026ac   0x00000006   Code   RO         2050    i.TIM_GetCapture3   stm32f10x_tim.o
    0x080026b2   0x00000008   Code   RO         2051    i.TIM_GetCapture4   stm32f10x_tim.o
    0x080026ba   0x00000022   Code   RO         2054    i.TIM_GetITStatus   stm32f10x_tim.o
    0x080026dc   0x000000ac   Code   RO         2056    i.TIM_ICInit        stm32f10x_tim.o
    0x08002788   0x00000012   Code   RO         2058    i.TIM_ITConfig      stm32f10x_tim.o
    0x0800279a   0x00000002   PAD
    0x0800279c   0x00000098   Code   RO         2062    i.TIM_OC1Init       stm32f10x_tim.o
    0x08002834   0x00000012   Code   RO         2064    i.TIM_OC1PolarityConfig  stm32f10x_tim.o
    0x08002846   0x00000002   PAD
    0x08002848   0x000000a4   Code   RO         2067    i.TIM_OC2Init       stm32f10x_tim.o
    0x080028ec   0x0000001a   Code   RO         2069    i.TIM_OC2PolarityConfig  stm32f10x_tim.o
    0x08002906   0x0000001a   Code   RO         2070    i.TIM_OC2PreloadConfig  stm32f10x_tim.o
    0x08002920   0x000000a0   Code   RO         2072    i.TIM_OC3Init       stm32f10x_tim.o
    0x080029c0   0x0000001a   Code   RO         2074    i.TIM_OC3PolarityConfig  stm32f10x_tim.o
    0x080029da   0x00000002   PAD
    0x080029dc   0x0000007c   Code   RO         2077    i.TIM_OC4Init       stm32f10x_tim.o
    0x08002a58   0x0000001a   Code   RO         2078    i.TIM_OC4PolarityConfig  stm32f10x_tim.o
    0x08002a72   0x00000006   Code   RO         2082    i.TIM_PrescalerConfig  stm32f10x_tim.o
    0x08002a78   0x00000004   Code   RO         2094    i.TIM_SetCompare1   stm32f10x_tim.o
    0x08002a7c   0x00000004   Code   RO         2095    i.TIM_SetCompare2   stm32f10x_tim.o
    0x08002a80   0x00000004   Code   RO         2096    i.TIM_SetCompare3   stm32f10x_tim.o
    0x08002a84   0x00000006   Code   RO         2097    i.TIM_SetCompare4   stm32f10x_tim.o
    0x08002a8a   0x00000012   Code   RO         2099    i.TIM_SetIC1Prescaler  stm32f10x_tim.o
    0x08002a9c   0x0000001a   Code   RO         2100    i.TIM_SetIC2Prescaler  stm32f10x_tim.o
    0x08002ab6   0x00000012   Code   RO         2101    i.TIM_SetIC3Prescaler  stm32f10x_tim.o
    0x08002ac8   0x0000001a   Code   RO         2102    i.TIM_SetIC4Prescaler  stm32f10x_tim.o
    0x08002ae2   0x00000002   PAD
    0x08002ae4   0x000000a4   Code   RO         2104    i.TIM_TimeBaseInit  stm32f10x_tim.o
    0x08002b88   0x00000038   Code   RO          471    i.Take_Off_Reset    pid.o
    0x08002bc0   0x00000050   Code   RO          271    i.Timer1_Configuration  time.o
    0x08002c10   0x00000044   Code   RO          472    i.Total_PID_Init    pid.o
    0x08002c54   0x00000088   Code   RO          371    i.USART2_IRQHandler  jy61.o
    0x08002cdc   0x00000012   Code   RO         2573    i.USART_ClearFlag   stm32f10x_usart.o
    0x08002cee   0x0000001e   Code   RO         2574    i.USART_ClearITPendingBit  stm32f10x_usart.o
    0x08002d0c   0x00000018   Code   RO         2577    i.USART_Cmd         stm32f10x_usart.o
    0x08002d24   0x00000054   Code   RO         2581    i.USART_GetITStatus  stm32f10x_usart.o
    0x08002d78   0x0000004a   Code   RO         2583    i.USART_ITConfig    stm32f10x_usart.o
    0x08002dc2   0x00000002   PAD
    0x08002dc4   0x000000d8   Code   RO         2584    i.USART_Init        stm32f10x_usart.o
    0x08002e9c   0x00000008   Code   RO         2594    i.USART_SendData    stm32f10x_usart.o
    0x08002ea4   0x00000004   Code   RO         2768    i.UsageFault_Handler  stm32f10x_it.o
    0x08002ea8   0x00000014   Code   RO          546    i.Value_Limit       control.o
    0x08002ebc   0x00000028   Code   RO         3676    i.__0sprintf        mc_w.l(printfa.o)
    0x08002ee4   0x0000000e   Code   RO         3770    i.__scatterload_copy  mc_w.l(handlers.o)
    0x08002ef2   0x00000002   Code   RO         3771    i.__scatterload_null  mc_w.l(handlers.o)
    0x08002ef4   0x0000000e   Code   RO         3772    i.__scatterload_zeroinit  mc_w.l(handlers.o)
    0x08002f02   0x00000002   PAD
    0x08002f04   0x00000164   Code   RO         3681    i._fp_digits        mc_w.l(printfa.o)
    0x08003068   0x000006dc   Code   RO         3682    i._printf_core      mc_w.l(printfa.o)
    0x08003744   0x00000024   Code   RO         3683    i._printf_post_padding  mc_w.l(printfa.o)
    0x08003768   0x0000002e   Code   RO         3684    i._printf_pre_padding  mc_w.l(printfa.o)
    0x08003796   0x0000000a   Code   RO         3686    i._sputc            mc_w.l(printfa.o)
    0x080037a0   0x000000a8   Code   RO          130    i.delay_ms          delay.o
    0x08003848   0x000002c8   Code   RO            3    i.main              main.o
    0x08003b10   0x00000016   Code   RO          185    i.oled_pow          oled.o
    0x08003b26   0x00000022   Code   RO          342    i.system_init       system.o
    0x08003b48   0x00000818   Data   RO          186    .constdata          oled.o
    0x08004360   0x00000198   Data   RO          474    .constdata          pid.o
    0x080044f8   0x00000020   Data   RO         3768    Region$$Table       anon$$obj.o


    Execution Region RW_IRAM1 (Base: 0x20000000, Size: 0x00000d50, Max: 0x00005000, ABSOLUTE, COMPRESSED[0x0000018c])

    Base Addr    Size         Type   Attr      Idx    E Section Name        Object

    0x20000000   0x00000006   Data   RW          132    .data               delay.o
    0x20000006   0x00000340   Data   RW          187    .data               oled.o
    0x20000346   0x00000002   PAD
    0x20000348   0x00000028   Data   RW          272    .data               time.o
    0x20000370   0x00000056   Data   RW          306    .data               ppm.o
    0x200003c6   0x00000002   PAD
    0x200003c8   0x0000004b   Data   RW          373    .data               jy61.o
    0x20000413   0x00000001   PAD
    0x20000414   0x0000001c   Data   RW          475    .data               pid.o
    0x20000430   0x0000000a   Data   RW          547    .data               control.o
    0x2000043a   0x00000002   PAD
    0x2000043c   0x00000014   Data   RW          579    .data               system_stm32f10x.o
    0x20000450   0x00000014   Data   RW         1686    .data               stm32f10x_rcc.o
    0x20000464   0x0000000a   Zero   RW          305    .bss                ppm.o
    0x2000046e   0x000001fa   Zero   RW          372    .bss                jy61.o
    0x20000668   0x000002e8   Zero   RW          473    .bss                pid.o
    0x20000950   0x00000400   Zero   RW         3170    STACK               startup_stm32f10x_hd.o


==============================================================================

Image component sizes


      Code (inc. data)   RO Data    RW Data    ZI Data      Debug   Object Name

       548         32          0         10          0       1928   control.o
       324         28          0          6          0       2521   delay.o
       580         84          0         75        506       3597   jy61.o
       712        104          0          0          0     256211   main.o
       132         22          0          0          0       1903   misc.o
      1062         32       2072        832          0       8135   oled.o
      1426         72        408         28        744       9138   pid.o
      1360        156          0         86         10       4672   ppm.o
       464         36          0          0          0       3357   pwm.o
        36          8        304          0       1024        888   startup_stm32f10x_hd.o
       286          0          0          0          0       3520   stm32f10x_gpio.o
        24          0          0          0          0       4640   stm32f10x_it.o
       276         32          0         20          0       5054   stm32f10x_rcc.o
      1884        200          0          0          0      25399   stm32f10x_tim.o
       454          6          0          0          0       7135   stm32f10x_usart.o
        76          0          0          0          0       1219   system.o
       328         28          0         20          0       2921   system_stm32f10x.o
       460         64          0         40          0       2471   time.o

    ----------------------------------------------------------------------
     10454        904       2816       1124       2284     344709   Object Totals
         0          0         32          0          0          0   (incl. Generated)
        22          0          0          7          0          0   (incl. Padding)

    ----------------------------------------------------------------------

      Code (inc. data)   RO Data    RW Data    ZI Data      Debug   Library Member Name

        86          0          0          0          0          0   __dczerorl2.o
         0          0          0          0          0          0   entry.o
         0          0          0          0          0          0   entry10a.o
         0          0          0          0          0          0   entry11a.o
         8          4          0          0          0          0   entry2.o
         4          0          0          0          0          0   entry5.o
         0          0          0          0          0          0   entry7b.o
         0          0          0          0          0          0   entry8b.o
         8          4          0          0          0          0   entry9a.o
        30          0          0          0          0          0   handlers.o
        36          8          0          0          0         68   init.o
         0          0          0          0          0          0   iusefp.o
        30          0          0          0          0         68   llshl.o
        36          0          0          0          0         68   llsshr.o
        32          0          0          0          0         68   llushr.o
      2244         86          0          0          0        512   printfa.o
        44          0          0          0          0         80   uidiv.o
        98          0          0          0          0         92   uldiv.o
        40          2          0          0          0         68   cdrcmple.o
        20          0          0          0          0         68   cfcmple.o
        20          0          0          0          0         68   cfrcmple.o
       334          0          0          0          0        148   dadd.o
       222          0          0          0          0        100   ddiv.o
       182          0          0          0          0        176   depilogue.o
        48          0          0          0          0         68   dfixul.o
       228          0          0          0          0         96   dmul.o
        38          0          0          0          0         68   f2d.o
       176          0          0          0          0        140   fadd.o
       124          0          0          0          0         88   fdiv.o
       110          0          0          0          0        168   fepilogue.o
        50          0          0          0          0         68   ffixi.o
        40          0          0          0          0         68   ffixui.o
        18          0          0          0          0         68   fflti.o
        10          0          0          0          0         68   ffltui.o
       100          0          0          0          0         76   fmul.o

    ----------------------------------------------------------------------
      4418        104          0          0          0       2560   Library Totals
         2          0          0          0          0          0   (incl. Padding)

    ----------------------------------------------------------------------

      Code (inc. data)   RO Data    RW Data    ZI Data      Debug   Library Name

      2656        102          0          0          0        956   mc_w.l
      1760          2          0          0          0       1604   mf_w.l

    ----------------------------------------------------------------------
      4418        104          0          0          0       2560   Library Totals

    ----------------------------------------------------------------------

==============================================================================


      Code (inc. data)   RO Data    RW Data    ZI Data      Debug   

     14872       1008       2816       1124       2284     341157   Grand Totals
     14872       1008       2816        396       2284     341157   ELF Image Totals (compressed)
     14872       1008       2816        396          0          0   ROM Totals

==============================================================================

    Total RO  Size (Code + RO Data)                17688 (  17.27kB)
    Total RW  Size (RW Data + ZI Data)              3408 (   3.33kB)
    Total ROM Size (Code + RO Data + RW Data)      18084 (  17.66kB)

==============================================================================

